[21:42:29] [ServerMain/INFO]: [bootstrap] Running Java 21 (Java HotSpot(TM) 64-Bit Server VM 21.0.8+12-LTS-250; Oracle Corporation null) on Windows 11 10.0 (amd64)
[21:42:29] [ServerMain/INFO]: [bootstrap] Loading Paper 1.21.11-132-ver/1.21.11@c5eb079 (2026-05-11T11:43:09Z) for Minecraft 1.21.11
[21:42:29] [ServerMain/WARN]: [oshi.util.platform.windows.WmiQueryHandler] COM exception querying Win32_Processor, which might not be on your system. Will not attempt to query it again. Error was -2147217405: (HRESULT: 80041003)
[21:42:29] [ServerMain/WARN]: [oshi.util.platform.windows.WmiQueryHandler] COM exception querying Win32_Processor, which might not be on your system. Will not attempt to query it again. Error was -2147217405: (HRESULT: 80041003)
[21:42:29] [ServerMain/WARN]: [oshi.util.platform.windows.WmiQueryHandler] COM exception querying Win32_PhysicalMemory, which might not be on your system. Will not attempt to query it again. Error was -2147217405: (HRESULT: 80041003)
[21:42:30] [ServerMain/INFO]: [PluginInitializerManager] Initializing plugins...
[21:42:30] [Paper Plugin Remapper Thread - 2/INFO]: [PluginRemapper] Remapping plugin 'C:\Users\ROG\Desktop\插件\ShadowHunterRoles\build\libs\ShadowHunterRolesPlugin-1.0.0.jar'...
[21:42:30] [Paper Plugin Remapper Thread - 2/INFO]: [PluginRemapper] Done remapping plugin 'C:\Users\ROG\Desktop\插件\ShadowHunterRoles\build\libs\ShadowHunterRolesPlugin-1.0.0.jar' in 440ms.
[21:42:31] [ServerMain/INFO]: [PluginInitializerManager] Initialized 1 plugin
[21:42:31] [ServerMain/INFO]: [PluginInitializerManager] Bukkit plugins (1):
 - ShadowHunterRolesPlugin (1.0.0)
[21:42:37] [ServerMain/INFO]: Environment: Environment[sessionHost=https://sessionserver.mojang.com, servicesHost=https://api.minecraftservices.com, profilesHost=https://api.mojang.com, name=PROD]
[21:42:39] [ServerMain/INFO]: Loaded 1470 recipes
[21:42:39] [ServerMain/INFO]: Loaded 1584 advancements
[21:42:39] [ServerMain/INFO]: [ca.spottedleaf.dataconverter.minecraft.datatypes.MCTypeRegistry] Initialising converters for DataConverter...
[21:42:40] [ServerMain/INFO]: [ca.spottedleaf.dataconverter.minecraft.datatypes.MCTypeRegistry] Finished initialising converters for DataConverter in 402.0ms
[21:42:40] [Server thread/INFO]: Starting minecraft server version 1.21.11
[21:42:40] [Server thread/INFO]: Loading properties
[21:42:40] [Server thread/INFO]: This server is running Paper version 1.21.11-132-ver/1.21.11@c5eb079 (2026-05-11T11:43:09Z) (Implementing API version 1.21.11-R0.1-SNAPSHOT)
[21:42:40] [Server thread/INFO]: [spark] This server bundles the spark profiler. For more information please visit https://docs.papermc.io/paper/profiling
[21:42:40] [Server thread/INFO]: Server Ping Player Sample Count: 12
[21:42:40] [Server thread/INFO]: Using 4 threads for Netty based IO
[21:42:41] [Server thread/INFO]: [MoonriseCommon] Paper is using 8 worker threads, 1 I/O threads
[21:42:41] [Server thread/INFO]: Default game type: CREATIVE
[21:42:41] [Server thread/INFO]: Generating keypair
[21:42:41] [Server thread/INFO]: Starting Minecraft server on *:25566
[21:42:41] [Server thread/INFO]: Paper: Using Java compression from Velocity.
[21:42:41] [Server thread/INFO]: Paper: Using Java cipher from Velocity.
[21:42:41] [Server thread/INFO]: [SpigotLibraryLoader] [ShadowHunterRolesPlugin] Loading 0 libraries... please wait
[21:42:41] [Server thread/INFO]: [ShadowHunterRolesPlugin] Loading server plugin ShadowHunterRolesPlugin v1.0.0
[21:42:41] [Server thread/INFO]: Server permissions file permissions.yml is empty, ignoring it
[21:42:41] [Server thread/WARN]: **** SERVER IS RUNNING IN OFFLINE/INSECURE MODE!
[21:42:41] [Server thread/WARN]: The server will make no attempt to authenticate usernames. Beware.
[21:42:41] [Server thread/WARN]: While this makes the game possible to play without internet access, it also opens up the ability for hackers to connect with any username they choose.
[21:42:41] [Server thread/WARN]: To change this, set "online-mode" to "true" in the server.properties file.
[21:42:41] [Server thread/INFO]: Preparing level "world"
[21:42:42] [Server thread/INFO]: Loading 0 persistent chunks for world 'minecraft:overworld'...
[21:42:42] [Server thread/INFO]: Preparing spawn area: 100%
[21:42:42] [Server thread/INFO]: Prepared spawn area in 4 ms
[21:42:42] [Server thread/INFO]: Loading 0 persistent chunks for world 'minecraft:the_nether'...
[21:42:42] [Server thread/INFO]: Prepared spawn area in 13 ms
[21:42:42] [Server thread/INFO]: Loading 0 persistent chunks for world 'minecraft:the_end'...
[21:42:42] [Server thread/INFO]: Prepared spawn area in 14 ms
[21:42:42] [Server thread/INFO]: Done preparing level "world" (0.602s)
[21:42:42] [Server thread/INFO]: [ShadowHunterRolesPlugin] Enabling ShadowHunterRolesPlugin v1.0.0
[21:42:42] [Server thread/INFO]: [ShadowHunterRolesPlugin] ShadowHunter Character System enabled.
[21:42:42] [Server thread/INFO]: [spark] Starting background profiler...
[21:42:42] [Server thread/INFO]: [spark] The async-profiler engine is not supported for your os/arch (windows11/amd64), so the built-in Java engine will be used instead.
[21:42:42] [Server thread/INFO]: Running delayed init tasks
[21:42:42] [Server thread/INFO]: Done (13.787s)! For help, type "help"
[21:42:44] [Paper Async Task Handler Thread - 1/WARN]: *************************************************************************************
[21:42:44] [Paper Async Task Handler Thread - 1/WARN]: You are running the latest build for your Minecraft version (1.21.11)
[21:42:44] [Paper Async Task Handler Thread - 1/WARN]: However, you are 4 release(s) behind the latest stable release (26.2)!
[21:42:44] [Paper Async Task Handler Thread - 1/WARN]: It is recommended that you update as soon as possible
[21:42:44] [Paper Async Task Handler Thread - 1/WARN]: https://papermc.io/downloads/paper
[21:42:44] [Paper Async Task Handler Thread - 1/WARN]: *************************************************************************************
[21:42:59] [User Authenticator #0/INFO]: UUID of player testplayer01 is 05bebf87-bc89-3e61-9e2c-bf43b571a25c
[21:43:01] [Server thread/INFO]: testplayer01 joined the game
[21:43:01] [Server thread/INFO]: testplayer01[/127.0.0.1:64571] logged in with entity id 133 at ([world]-680.3201503489088, 73.0, 160.94454805724877)
[21:43:02] [Server thread/INFO]: testplayer01 issued server command: /role debug cooldown
[21:43:02] [Server thread/INFO]: [ShadowHunterRolesPlugin] [command-debug] Usage: /role debug cooldown <status|end|restart> <slot|componentId>
[21:43:04] [Server thread/INFO]: testplayer01 issued server command: /role debug cooldown status 0
[21:43:04] [Server thread/INFO]: [ShadowHunterRolesPlugin] [command-debug] You have no role yet!
[21:43:05] [Server thread/INFO]: testplayer01 issued server command: /role debug sched
[21:43:05] [Server thread/INFO]: [ShadowHunterRolesPlugin] [command-debug] [sched] probe start | commandThread=Server thread | commandTick=446 | primaryThread=true | declared: runDelayed=20t, runAtFixedRate=1/10t, bukkit runTaskTimer=1/10t, boundary=0/10t
[21:43:05] [Server thread/INFO]: [ShadowHunterRolesPlugin] [command-debug] [sched] ② boundary | GlobalRegionScheduler.runAtFixedRate(0,10) -> initialDelay0=REJECTED(IllegalArgumentException: Initial delay ticks may not be <= 0) | Bukkit.getScheduler().runTaskTimer(0,10) -> initialDelay0=ACCEPTED
[21:43:05] [Server thread/INFO]: [ShadowHunterRolesPlugin] [command-debug] [sched] ④p port leg | portLeg=SKIPPED(no role or no bound services)
[21:43:05] [Server thread/INFO]: [ShadowHunterRolesPlugin] [command-debug] [sched] ① execute | thread=Server thread | tick=447 | delta=1 | primaryThread=true
[21:43:06] [Server thread/INFO]: [ShadowHunterRolesPlugin] [command-debug] [sched] ④(BukkitTask) cancel() -> void | isCancelled() before=false | after=true | no exception = idempotent
[21:43:06] [Server thread/INFO]: [ShadowHunterRolesPlugin] [command-debug] [sched] ④ cancel() #1 -> NEXT_RUNS_CANCELLED | isCancelled()=true | getExecutionState()=CANCELLED_RUNNING
[21:43:06] [Server thread/INFO]: [ShadowHunterRolesPlugin] [command-debug] [sched] ④ cancel() #2 (repeat) -> NEXT_RUNS_CANCELLED_ALREADY | isCancelled()=true | getExecutionState()=CANCELLED_RUNNING | no exception = idempotent
[21:43:06] [Server thread/INFO]: [ShadowHunterRolesPlugin] [command-debug] [sched] ③d adapter Task.cancel() -> void | isCancelledBefore=false,isCancelledAfter=true,isCancelledAfterSecondCancel=true | repeated cancel: no exception = idempotent
[21:43:08] [Server thread/INFO]: [ShadowHunterRolesPlugin] [command-debug] [sched] ④m matrix: per-row tick detail for the 8 declared pairs x 2 paths stays player-side only; the key verdict line follows
[21:43:08] [Server thread/INFO]: [ShadowHunterRolesPlugin] [command-debug] [sched] ④m verdict | matrixAllPairsMatch=true
[21:43:08] [Server thread/INFO]: [ShadowHunterRolesPlugin] [command-debug] [sched] ⑤ raw | globalThread=Server thread | bukkitThread=Server thread | globalDeltas=1/11/21 (declared 1/10) | bukkitDeltas=1/11/21 (declared 1/10) | globalRunDelayedDelta=20 | bukkitRunTaskLaterDelta=20 (declared 20) | adapterRunLaterDelta=20 | A/B(declared 0/10) rawBukkitFirstThird=1/21 adapterFirstThird=1/21 | globalCancel=cancel1=NEXT_RUNS_CANCELLED,isCancelled1=true,state1=CANCELLED_RUNNING,cancel2=NEXT_RUNS_CANCELLED_ALREADY,isCancelled2=true,state2=CANCELLED_RUNNING | bukkitCancel=isCancelledBefore=false,isCancelledAfter=true | adapterCancel=isCancelledBefore=false,isCancelledAfter=true,isCancelledAfterSecondCancel=true
[21:43:08] [Server thread/INFO]: [ShadowHunterRolesPlugin] [command-debug] [sched] ⑤ verdict | sameThread=true | periodEquivalent=true (global=20 bukkit=20, declared 20) | delayedEquivalent=true | cancelSemanticsOk=true | rawInitialDelayPolicySame=false (global: initialDelay0=REJECTED(IllegalArgumentException: Initial delay ticks may not be <= 0) / bukkit: initialDelay0=ACCEPTED) | clampEquivalent=true | adapterDelayedEquivalent=true | adapterCancelOk=true | matrixEquivalent=true | portLeg=portLeg=SKIPPED(no role or no bound services) | portLegEquivalent=false | CONCLUSION=CAN swap the platform adapter to GlobalRegionScheduler with zero visible difference (raw APIs differ only on initialDelay<=0; the adapter normalises 0 -> 1 and the A/B on the production declaration 0/10 is tick-identical)
[21:43:14] [Server thread/INFO]: testplayer01 issued server command: /role debug sched foo
[21:43:14] [Server thread/INFO]: [ShadowHunterRolesPlugin] [command-debug] Usage: /role debug sched [all]
[21:43:14] [Server thread/INFO]: testplayer01 lost connection: Disconnected
[21:43:14] [Server thread/INFO]: testplayer01 left the game
