[19:52:15] [ServerMain/INFO]: [bootstrap] Running Java 21 (Java HotSpot(TM) 64-Bit Server VM 21.0.8+12-LTS-250; Oracle Corporation null) on Windows 11 10.0 (amd64)
[19:52:15] [ServerMain/INFO]: [bootstrap] Loading Paper 1.21.11-132-ver/1.21.11@c5eb079 (2026-05-11T11:43:09Z) for Minecraft 1.21.11
[19:52:16] [ServerMain/WARN]: [oshi.util.platform.windows.WmiQueryHandler] COM exception querying Win32_Processor, which might not be on your system. Will not attempt to query it again. Error was -2147217405: (HRESULT: 80041003)
[19:52:16] [ServerMain/WARN]: [oshi.util.platform.windows.WmiQueryHandler] COM exception querying Win32_Processor, which might not be on your system. Will not attempt to query it again. Error was -2147217405: (HRESULT: 80041003)
[19:52:16] [ServerMain/WARN]: [oshi.util.platform.windows.WmiQueryHandler] COM exception querying Win32_PhysicalMemory, which might not be on your system. Will not attempt to query it again. Error was -2147217405: (HRESULT: 80041003)
[19:52:16] [ServerMain/INFO]: [PluginInitializerManager] Initializing plugins...
[19:52:16] [Paper Plugin Remapper Thread - 2/INFO]: [PluginRemapper] Remapping plugin 'plugins\t21probe.jar'...
[19:52:16] [Paper Plugin Remapper Thread - 2/INFO]: [PluginRemapper] Done remapping plugin 'plugins\t21probe.jar' in 255ms.
[19:52:17] [ServerMain/INFO]: [PluginInitializerManager] Initialized 2 plugins
[19:52:17] [ServerMain/INFO]: [PluginInitializerManager] Bukkit plugins (2):
 - ShadowHunterRolesPlugin (1.0.0), T21Probe (1.0.0)
[19:52:21] [ServerMain/INFO]: Environment: Environment[sessionHost=https://sessionserver.mojang.com, servicesHost=https://api.minecraftservices.com, profilesHost=https://api.mojang.com, name=PROD]
[19:52:23] [ServerMain/INFO]: Loaded 1470 recipes
[19:52:23] [ServerMain/INFO]: Loaded 1584 advancements
[19:52:23] [ServerMain/INFO]: [ca.spottedleaf.dataconverter.minecraft.datatypes.MCTypeRegistry] Initialising converters for DataConverter...
[19:52:23] [ServerMain/INFO]: [ca.spottedleaf.dataconverter.minecraft.datatypes.MCTypeRegistry] Finished initialising converters for DataConverter in 299.0ms
[19:52:23] [Server thread/INFO]: Starting minecraft server version 1.21.11
[19:52:23] [Server thread/INFO]: Loading properties
[19:52:23] [Server thread/INFO]: This server is running Paper version 1.21.11-132-ver/1.21.11@c5eb079 (2026-05-11T11:43:09Z) (Implementing API version 1.21.11-R0.1-SNAPSHOT)
[19:52:23] [Server thread/INFO]: [spark] This server bundles the spark profiler. For more information please visit https://docs.papermc.io/paper/profiling
[19:52:23] [Server thread/INFO]: Server Ping Player Sample Count: 12
[19:52:23] [Server thread/INFO]: Using 4 threads for Netty based IO
[19:52:24] [Server thread/INFO]: [MoonriseCommon] Paper is using 8 worker threads, 1 I/O threads
[19:52:24] [Server thread/INFO]: Default game type: CREATIVE
[19:52:24] [Server thread/INFO]: Generating keypair
[19:52:24] [Server thread/INFO]: Starting Minecraft server on *:25566
[19:52:24] [Server thread/INFO]: Paper: Using Java compression from Velocity.
[19:52:24] [Server thread/INFO]: Paper: Using Java cipher from Velocity.
[19:52:24] [Server thread/INFO]: [SpigotLibraryLoader] [ShadowHunterRolesPlugin] Loading 0 libraries... please wait
[19:52:24] [Server thread/INFO]: [ShadowHunterRolesPlugin] Loading server plugin ShadowHunterRolesPlugin v1.0.0
[19:52:24] [Server thread/INFO]: [T21Probe] Loading server plugin T21Probe v1.0.0
[19:52:24] [Server thread/INFO]: Server permissions file permissions.yml is empty, ignoring it
[19:52:24] [Server thread/WARN]: **** SERVER IS RUNNING IN OFFLINE/INSECURE MODE!
[19:52:24] [Server thread/WARN]: The server will make no attempt to authenticate usernames. Beware.
[19:52:24] [Server thread/WARN]: While this makes the game possible to play without internet access, it also opens up the ability for hackers to connect with any username they choose.
[19:52:24] [Server thread/WARN]: To change this, set "online-mode" to "true" in the server.properties file.
[19:52:24] [Server thread/INFO]: Preparing level "world"
[19:52:24] [Server thread/INFO]: Loading 0 persistent chunks for world 'minecraft:overworld'...
[19:52:24] [Server thread/INFO]: Preparing spawn area: 100%
[19:52:24] [Server thread/INFO]: Prepared spawn area in 7 ms
[19:52:24] [Server thread/INFO]: Loading 0 persistent chunks for world 'minecraft:the_nether'...
[19:52:24] [Server thread/INFO]: Preparing spawn area: 100%
[19:52:24] [Server thread/INFO]: Prepared spawn area in 15 ms
[19:52:24] [Server thread/INFO]: Loading 0 persistent chunks for world 'minecraft:the_end'...
[19:52:24] [Server thread/INFO]: Prepared spawn area in 15 ms
[19:52:24] [Server thread/INFO]: Done preparing level "world" (0.551s)
[19:52:24] [Server thread/INFO]: [ShadowHunterRolesPlugin] Enabling ShadowHunterRolesPlugin v1.0.0
[19:52:25] [Server thread/INFO]: [ShadowHunterRolesPlugin] ShadowHunter Character System enabled.
[19:52:25] [Server thread/INFO]: [T21Probe] Enabling T21Probe v1.0.0
[19:52:25] [Server thread/INFO]: [T21Probe] [t21] probe enabled; output=C:\Users\ROG\Desktop\插件\ShadowHunterRoles\debug-logs\测试记录\阶段6-C11派发序运行级-转录.txt
[19:52:25] [Server thread/INFO]: [spark] Starting background profiler...
[19:52:25] [Server thread/INFO]: [spark] The async-profiler engine is not supported for your os/arch (windows11/amd64), so the built-in Java engine will be used instead.
[19:52:25] [Server thread/INFO]: Running delayed init tasks
[19:52:25] [Server thread/INFO]: [T21Probe] [t21] tick=1 | ev=API_RESOLVED class=com.shadowHunterRolesPlugin.internal.api.RoleAPIImpl | registration-plugin=ShadowHunterRolesPlugin | priority=Normal
[19:52:25] [Server thread/INFO]: Done (10.046s)! For help, type "help"
[19:52:26] [Paper Async Task Handler Thread - 1/WARN]: *************************************************************************************
[19:52:26] [Paper Async Task Handler Thread - 1/WARN]: You are running the latest build for your Minecraft version (1.21.11)
[19:52:26] [Paper Async Task Handler Thread - 1/WARN]: However, you are 4 release(s) behind the latest stable release (26.2)!
[19:52:26] [Paper Async Task Handler Thread - 1/WARN]: It is recommended that you update as soon as possible
[19:52:26] [Paper Async Task Handler Thread - 1/WARN]: https://papermc.io/downloads/paper
[19:52:26] [Paper Async Task Handler Thread - 1/WARN]: *************************************************************************************
[19:52:41] [User Authenticator #0/INFO]: UUID of player HueZhandouji is 40671423-5a96-3097-9199-6fac21782134
[19:52:42] [Server thread/INFO]: HueZhandouji joined the game
[19:52:42] [Server thread/INFO]: HueZhandouji[/127.0.0.1:57099] logged in with entity id 64 at ([world]-688.207652405396, 72.0, 141.6322291472271)
[19:52:43] [User Authenticator #0/INFO]: UUID of player T21Victim is 834c6c8c-9e17-32c1-855d-5d3712c1f74b
[19:52:43] [Server thread/INFO]: T21Victim joined the game
[19:52:43] [Server thread/INFO]: T21Victim[/127.0.0.1:57101] logged in with entity id 132 at ([world]-713.5, 77.0, 167.5)
[19:52:43] [Server thread/INFO]: [T21Probe] [t21] tick=361 | ev=MAX_SANTE=-78
[19:52:43] [Server thread/INFO]: [T21Probe] [t21] tick=361 | ev=SET_ROLE ok=true | heldSlot=3 | victimGM=SURVIVAL | 意图：把 RedBleedPassive 的 20 tick 节拍相位钉在这一 tick
[19:52:43] [Server thread/INFO]: [T21Probe] [t21] tick=362 | ev=MAX_SANTE=100
[19:52:43] [Server thread/INFO]: [T21Probe] [t21] tick=362 | ev=ATTACK n=1 | 意图：写入受害者的流血层（每层每秒结算一次 ⇒ 红 +4 SanTE）
[19:52:44] [Server thread/INFO]: [T21Probe] [t21] tick=372 | ev=ATTACK n=2 | 意图：写入受害者的流血层（每层每秒结算一次 ⇒ 红 +4 SanTE）
[19:52:44] [Server thread/INFO]: [T21Probe] [t21] tick=382 | ev=ATTACK n=3 | 意图：写入受害者的流血层（每层每秒结算一次 ⇒ 红 +4 SanTE）
[19:52:46] [Server thread/INFO]: [T21Probe] [t21] tick=412 | ev=STATE->LEARN_BLEED（等首个 +4 以钉相位）
[19:55:14] [Server thread/INFO]: HueZhandouji lost connection: Disconnected
[19:55:14] [Server thread/INFO]: HueZhandouji left the game
[19:55:14] [Server thread/INFO]: T21Victim lost connection: Disconnected
[19:55:14] [Server thread/INFO]: T21Victim left the game
[19:55:53] [User Authenticator #1/INFO]: UUID of player HueZhandouji is 40671423-5a96-3097-9199-6fac21782134
[19:55:54] [Server thread/INFO]: HueZhandouji joined the game
[19:55:54] [Server thread/INFO]: HueZhandouji[/127.0.0.1:49822] logged in with entity id 459 at ([world]-688.207652405396, 72.0, 141.6322291472271)
[19:55:55] [User Authenticator #1/INFO]: UUID of player T21Victim is 834c6c8c-9e17-32c1-855d-5d3712c1f74b
[19:55:55] [Server thread/INFO]: T21Victim joined the game
[19:55:55] [Server thread/INFO]: T21Victim[/127.0.0.1:60230] logged in with entity id 541 at ([world]-688.207652405396, 72.0, 141.6322291472271)
[19:55:55] [Server thread/INFO]: [T21Probe] [t21] tick=4202 | ev=HP_DROP 40.0 -> 20.0
[19:58:13] [Server thread/INFO]: HueZhandouji lost connection: Disconnected
[19:58:13] [Server thread/INFO]: HueZhandouji left the game
[19:58:13] [Server thread/INFO]: T21Victim lost connection: Disconnected
[19:58:13] [Server thread/INFO]: T21Victim left the game
[19:58:32] [User Authenticator #2/INFO]: UUID of player HueZhandouji is 40671423-5a96-3097-9199-6fac21782134
[19:58:32] [Server thread/INFO]: HueZhandouji joined the game
[19:58:32] [Server thread/INFO]: HueZhandouji[/127.0.0.1:49676] logged in with entity id 835 at ([world]-688.207652405396, 72.0, 141.6322291472271)
[19:58:34] [User Authenticator #2/INFO]: UUID of player T21Victim is 834c6c8c-9e17-32c1-855d-5d3712c1f74b
[19:58:34] [Server thread/INFO]: T21Victim joined the game
[19:58:34] [Server thread/INFO]: T21Victim[/127.0.0.1:49680] logged in with entity id 909 at ([world]-688.207652405396, 72.0, 141.6322291472271)
[19:58:36] [Server thread/INFO]: HueZhandouji issued server command: /gamemode survival T21Victim
[19:58:37] [Server thread/INFO]: HueZhandouji issued server command: /role set red
[19:58:41] [Server thread/INFO]: HueZhandouji lost connection: Disconnected
[19:58:41] [Server thread/INFO]: HueZhandouji left the game
[19:58:41] [Server thread/INFO]: T21Victim lost connection: Disconnected
[19:58:41] [Server thread/INFO]: T21Victim left the game
