[19:37:23] [ServerMain/INFO]: [bootstrap] Running Java 21 (Java HotSpot(TM) 64-Bit Server VM 21.0.8+12-LTS-250; Oracle Corporation null) on Windows 11 10.0 (amd64)
[19:37:23] [ServerMain/INFO]: [bootstrap] Loading Paper 1.21.11-132-ver/1.21.11@c5eb079 (2026-05-11T11:43:09Z) for Minecraft 1.21.11
[19:37:24] [ServerMain/WARN]: [oshi.util.platform.windows.WmiQueryHandler] COM exception querying Win32_Processor, which might not be on your system. Will not attempt to query it again. Error was -2147217405: (HRESULT: 80041003)
[19:37:24] [ServerMain/WARN]: [oshi.util.platform.windows.WmiQueryHandler] COM exception querying Win32_Processor, which might not be on your system. Will not attempt to query it again. Error was -2147217405: (HRESULT: 80041003)
[19:37:24] [ServerMain/WARN]: [oshi.util.platform.windows.WmiQueryHandler] COM exception querying Win32_PhysicalMemory, which might not be on your system. Will not attempt to query it again. Error was -2147217405: (HRESULT: 80041003)
[19:37:24] [ServerMain/INFO]: [PluginInitializerManager] Initializing plugins...
[19:37:24] [ServerMain/INFO]: [PluginInitializerManager] Initialized 1 plugin
[19:37:24] [ServerMain/INFO]: [PluginInitializerManager] Bukkit plugins (1):
 - ShadowHunterRolesPlugin (1.0.0)
[19:37:29] [ServerMain/INFO]: Environment: Environment[sessionHost=https://sessionserver.mojang.com, servicesHost=https://api.minecraftservices.com, profilesHost=https://api.mojang.com, name=PROD]
[19:37:30] [ServerMain/INFO]: Loaded 1470 recipes
[19:37:30] [ServerMain/INFO]: Loaded 1584 advancements
[19:37:30] [ServerMain/INFO]: [ca.spottedleaf.dataconverter.minecraft.datatypes.MCTypeRegistry] Initialising converters for DataConverter...
[19:37:31] [ServerMain/INFO]: [ca.spottedleaf.dataconverter.minecraft.datatypes.MCTypeRegistry] Finished initialising converters for DataConverter in 302.5ms
[19:37:31] [Server thread/INFO]: Starting minecraft server version 1.21.11
[19:37:31] [Server thread/INFO]: Loading properties
[19:37:31] [Server thread/INFO]: This server is running Paper version 1.21.11-132-ver/1.21.11@c5eb079 (2026-05-11T11:43:09Z) (Implementing API version 1.21.11-R0.1-SNAPSHOT)
[19:37:31] [Server thread/INFO]: [spark] This server bundles the spark profiler. For more information please visit https://docs.papermc.io/paper/profiling
[19:37:31] [Server thread/INFO]: Server Ping Player Sample Count: 12
[19:37:31] [Server thread/INFO]: Using 4 threads for Netty based IO
[19:37:31] [Server thread/INFO]: [MoonriseCommon] Paper is using 8 worker threads, 1 I/O threads
[19:37:32] [Server thread/INFO]: Default game type: CREATIVE
[19:37:32] [Server thread/INFO]: Generating keypair
[19:37:32] [Server thread/INFO]: Starting Minecraft server on *:25566
[19:37:32] [Server thread/INFO]: Paper: Using Java compression from Velocity.
[19:37:32] [Server thread/INFO]: Paper: Using Java cipher from Velocity.
[19:37:32] [Server thread/INFO]: [SpigotLibraryLoader] [ShadowHunterRolesPlugin] Loading 0 libraries... please wait
[19:37:32] [Server thread/INFO]: [ShadowHunterRolesPlugin] Loading server plugin ShadowHunterRolesPlugin v1.0.0
[19:37:32] [Server thread/INFO]: Server permissions file permissions.yml is empty, ignoring it
[19:37:32] [Server thread/WARN]: **** SERVER IS RUNNING IN OFFLINE/INSECURE MODE!
[19:37:32] [Server thread/WARN]: The server will make no attempt to authenticate usernames. Beware.
[19:37:32] [Server thread/WARN]: While this makes the game possible to play without internet access, it also opens up the ability for hackers to connect with any username they choose.
[19:37:32] [Server thread/WARN]: To change this, set "online-mode" to "true" in the server.properties file.
[19:37:32] [Server thread/INFO]: Preparing level "world"
[19:37:32] [Server thread/INFO]: Loading 0 persistent chunks for world 'minecraft:overworld'...
[19:37:32] [Server thread/INFO]: Preparing spawn area: 100%
[19:37:32] [Server thread/INFO]: Prepared spawn area in 4 ms
[19:37:32] [Server thread/INFO]: Loading 0 persistent chunks for world 'minecraft:the_nether'...
[19:37:32] [Server thread/INFO]: Prepared spawn area in 13 ms
[19:37:32] [Server thread/INFO]: Loading 0 persistent chunks for world 'minecraft:the_end'...
[19:37:32] [Server thread/INFO]: Prepared spawn area in 14 ms
[19:37:32] [Server thread/INFO]: Done preparing level "world" (0.481s)
[19:37:32] [Server thread/INFO]: [ShadowHunterRolesPlugin] Enabling ShadowHunterRolesPlugin v1.0.0
[19:37:32] [Server thread/INFO]: [ShadowHunterRolesPlugin] ShadowHunter Character System enabled.
[19:37:32] [Server thread/INFO]: [spark] Starting background profiler...
[19:37:32] [Server thread/INFO]: [spark] The async-profiler engine is not supported for your os/arch (windows11/amd64), so the built-in Java engine will be used instead.
[19:37:33] [Server thread/INFO]: Running delayed init tasks
[19:37:33] [Server thread/INFO]: Done (9.650s)! For help, type "help"
[19:37:34] [Paper Async Task Handler Thread - 1/WARN]: *************************************************************************************
[19:37:34] [Paper Async Task Handler Thread - 1/WARN]: You are running the latest build for your Minecraft version (1.21.11)
[19:37:34] [Paper Async Task Handler Thread - 1/WARN]: However, you are 4 release(s) behind the latest stable release (26.2)!
[19:37:34] [Paper Async Task Handler Thread - 1/WARN]: It is recommended that you update as soon as possible
[19:37:34] [Paper Async Task Handler Thread - 1/WARN]: https://papermc.io/downloads/paper
[19:37:34] [Paper Async Task Handler Thread - 1/WARN]: *************************************************************************************
[19:37:40] [User Authenticator #0/INFO]: UUID of player HueZhandouji is 40671423-5a96-3097-9199-6fac21782134
[19:37:41] [Server thread/INFO]: HueZhandouji joined the game
[19:37:41] [Server thread/INFO]: HueZhandouji[/127.0.0.1:56089] logged in with entity id 71 at ([world]-688.207652405396, 72.0, 141.6322291472271)
[19:37:43] [Server thread/INFO]: HueZhandouji issued server command: /role set meiqihezi
[19:37:46] [Server thread/INFO]: HueZhandouji issued server command: /role debug cooldown restart 1
[19:37:46] [Server thread/INFO]: [ShadowHunterRolesPlugin] [command-debug] [cooldown] restart(meiqihezi_skill_unconcern) wasCooling=false | no old segment was cooling | newRemainingTicks=100
[19:37:47] [Server thread/INFO]: HueZhandouji issued server command: /role debug cooldown restart 0
[19:37:47] [Server thread/INFO]: [ShadowHunterRolesPlugin] [command-debug] [cooldown] restart(meiqihezi_mainWeapon_juejue) wasCooling=false | no old segment was cooling | newRemainingTicks=20
[19:37:48] [Server thread/INFO]: HueZhandouji issued server command: /role energy set 0
[19:37:49] [Server thread/INFO]: HueZhandouji issued server command: /role energy get
[19:37:50] [Server thread/INFO]: HueZhandouji issued server command: /give HueZhandouji minecraft:blaze_powder 1
[19:37:50] [Server thread/INFO]: [HueZhandouji: Gave 1 [Blaze Powder] to HueZhandouji]
[19:37:53] [Server thread/INFO]: HueZhandouji issued server command: /role energy set 100
[19:37:54] [Server thread/INFO]: HueZhandouji issued server command: /role clear
[19:37:55] [Server thread/INFO]: HueZhandouji issued server command: /role set red
[19:37:58] [Server thread/INFO]: HueZhandouji issued server command: /role debug cooldown restart 1
[19:37:58] [Server thread/INFO]: [ShadowHunterRolesPlugin] [command-debug] [cooldown] restart(red_solitaryArrogance_skill) wasCooling=false | no old segment was cooling | newRemainingTicks=200
[19:37:59] [Server thread/INFO]: HueZhandouji issued server command: /role debug cooldown restart 0
[19:37:59] [Server thread/INFO]: [ShadowHunterRolesPlugin] [command-debug] [cooldown] restart(red_mainWeapon_sanctifiedBlade) wasCooling=false | no old segment was cooling | newRemainingTicks=100
[19:38:00] [Server thread/INFO]: HueZhandouji issued server command: /role debug cooldown end 0
[19:38:00] [Server thread/INFO]: [ShadowHunterRolesPlugin] [command-debug] [cooldown] end(red_mainWeapon_sanctifiedBlade) returned=true | wasCooling=true | ENDED_BY_COMPONENT dispatched (onCooldownEnd)
[19:38:00] [Server thread/INFO]: HueZhandouji issued server command: /role debug cooldown end 1
[19:38:00] [Server thread/INFO]: [ShadowHunterRolesPlugin] [command-debug] [cooldown] end(red_solitaryArrogance_skill) returned=true | wasCooling=true | ENDED_BY_COMPONENT dispatched (onCooldownEnd)
[19:38:01] [Server thread/INFO]: HueZhandouji issued server command: /role debug cooldown restart 3
[19:38:01] [Server thread/INFO]: [ShadowHunterRolesPlugin] [command-debug] [cooldown] restart(red_deeplySorrow_skill) wasCooling=false | no old segment was cooling | newRemainingTicks=600
[19:38:22] [Server thread/INFO]: HueZhandouji issued server command: /role debug cooldown end 3
[19:38:22] [Server thread/INFO]: [ShadowHunterRolesPlugin] [command-debug] [cooldown] end(red_deeplySorrow_skill) returned=true | wasCooling=true | ENDED_BY_COMPONENT dispatched (onCooldownEnd)
[19:38:23] [Server thread/INFO]: HueZhandouji issued server command: /role debug cooldown status 3
[19:38:23] [Server thread/INFO]: [ShadowHunterRolesPlugin] [command-debug] [cooldown] red_deeplySorrow_skill | cooling=false | remainingTicks=0 | remainingSeconds=0.00 | declaredTicks=600
[19:38:26] [Server thread/INFO]: HueZhandouji issued server command: /role debug cooldown status 3
[19:38:26] [Server thread/INFO]: [ShadowHunterRolesPlugin] [command-debug] [cooldown] red_deeplySorrow_skill | cooling=true | remainingTicks=592 | remainingSeconds=29.60 | declaredTicks=600
[19:38:44] [Server thread/INFO]: HueZhandouji issued server command: /role debug cooldown end 3
[19:38:44] [Server thread/INFO]: [ShadowHunterRolesPlugin] [command-debug] [cooldown] end(red_deeplySorrow_skill) returned=true | wasCooling=true | ENDED_BY_COMPONENT dispatched (onCooldownEnd)
[19:38:44] [Server thread/INFO]: HueZhandouji issued server command: /role debug cooldown status 3
[19:38:44] [Server thread/INFO]: [ShadowHunterRolesPlugin] [command-debug] [cooldown] red_deeplySorrow_skill | cooling=false | remainingTicks=0 | remainingSeconds=0.00 | declaredTicks=600
[19:39:00] [Server thread/INFO]: HueZhandouji issued server command: /role debug cooldown end 3
[19:39:00] [Server thread/INFO]: [ShadowHunterRolesPlugin] [command-debug] [cooldown] end(red_deeplySorrow_skill) returned=true | wasCooling=true | ENDED_BY_COMPONENT dispatched (onCooldownEnd)
[19:39:01] [Server thread/INFO]: HueZhandouji issued server command: /role debug cooldown status 3
[19:39:01] [Server thread/INFO]: [ShadowHunterRolesPlugin] [command-debug] [cooldown] red_deeplySorrow_skill | cooling=false | remainingTicks=0 | remainingSeconds=0.00 | declaredTicks=600
[19:39:03] [Server thread/INFO]: HueZhandouji issued server command: /role debug cooldown end 3
[19:39:03] [Server thread/INFO]: [ShadowHunterRolesPlugin] [command-debug] [cooldown] end(red_deeplySorrow_skill) returned=false | wasCooling=false | no-op (was not cooling)
[19:39:04] [Server thread/INFO]: HueZhandouji issued server command: /role clear
[19:39:06] [Server thread/INFO]: HueZhandouji lost connection: Disconnected
[19:39:06] [Server thread/INFO]: HueZhandouji left the game
