[20:29:54] [ServerMain/INFO]: [bootstrap] Running Java 21 (Java HotSpot(TM) 64-Bit Server VM 21.0.8+12-LTS-250; Oracle Corporation null) on Windows 11 10.0 (amd64)
[20:29:54] [ServerMain/INFO]: [bootstrap] Loading Paper 1.21.11-132-ver/1.21.11@c5eb079 (2026-05-11T11:43:09Z) for Minecraft 1.21.11
[20:29:54] [ServerMain/WARN]: [oshi.util.platform.windows.WmiQueryHandler] COM exception querying Win32_Processor, which might not be on your system. Will not attempt to query it again. Error was -2147217405: (HRESULT: 80041003)
[20:29:54] [ServerMain/WARN]: [oshi.util.platform.windows.WmiQueryHandler] COM exception querying Win32_Processor, which might not be on your system. Will not attempt to query it again. Error was -2147217405: (HRESULT: 80041003)
[20:29:54] [ServerMain/WARN]: [oshi.util.platform.windows.WmiQueryHandler] COM exception querying Win32_PhysicalMemory, which might not be on your system. Will not attempt to query it again. Error was -2147217405: (HRESULT: 80041003)
[20:29:54] [ServerMain/INFO]: [PluginInitializerManager] Initializing plugins...
[20:29:54] [Paper Plugin Remapper Thread - 2/INFO]: [PluginRemapper] Remapping plugin 'C:\Users\ROG\Desktop\插件\ShadowHunterRoles\build\libs\ShadowHunterRolesPlugin-1.0.0.jar'...
[20:29:54] [Paper Plugin Remapper Thread - 2/INFO]: [PluginRemapper] Done remapping plugin 'C:\Users\ROG\Desktop\插件\ShadowHunterRoles\build\libs\ShadowHunterRolesPlugin-1.0.0.jar' in 283ms.
[20:29:55] [ServerMain/INFO]: [PluginInitializerManager] Initialized 1 plugin
[20:29:55] [ServerMain/INFO]: [PluginInitializerManager] Bukkit plugins (1):
 - ShadowHunterRolesPlugin (1.0.0)
[20:29:59] [ServerMain/INFO]: Environment: Environment[sessionHost=https://sessionserver.mojang.com, servicesHost=https://api.minecraftservices.com, profilesHost=https://api.mojang.com, name=PROD]
[20:30:00] [ServerMain/INFO]: Loaded 1470 recipes
[20:30:00] [ServerMain/INFO]: Loaded 1584 advancements
[20:30:00] [ServerMain/INFO]: [ca.spottedleaf.dataconverter.minecraft.datatypes.MCTypeRegistry] Initialising converters for DataConverter...
[20:30:00] [ServerMain/INFO]: [ca.spottedleaf.dataconverter.minecraft.datatypes.MCTypeRegistry] Finished initialising converters for DataConverter in 250.5ms
[20:30:00] [Server thread/INFO]: Starting minecraft server version 1.21.11
[20:30:00] [Server thread/INFO]: Loading properties
[20:30:00] [Server thread/INFO]: This server is running Paper version 1.21.11-132-ver/1.21.11@c5eb079 (2026-05-11T11:43:09Z) (Implementing API version 1.21.11-R0.1-SNAPSHOT)
[20:30:00] [Server thread/INFO]: [spark] This server bundles the spark profiler. For more information please visit https://docs.papermc.io/paper/profiling
[20:30:00] [Server thread/INFO]: Server Ping Player Sample Count: 12
[20:30:00] [Server thread/INFO]: Using 4 threads for Netty based IO
[20:30:01] [Server thread/INFO]: [MoonriseCommon] Paper is using 8 worker threads, 1 I/O threads
[20:30:01] [Server thread/INFO]: Default game type: CREATIVE
[20:30:01] [Server thread/INFO]: Generating keypair
[20:30:01] [Server thread/INFO]: Starting Minecraft server on *:25566
[20:30:01] [Server thread/INFO]: Paper: Using Java compression from Velocity.
[20:30:01] [Server thread/INFO]: Paper: Using Java cipher from Velocity.
[20:30:01] [Server thread/INFO]: [SpigotLibraryLoader] [ShadowHunterRolesPlugin] Loading 0 libraries... please wait
[20:30:01] [Server thread/INFO]: [ShadowHunterRolesPlugin] Loading server plugin ShadowHunterRolesPlugin v1.0.0
[20:30:01] [Server thread/INFO]: Server permissions file permissions.yml is empty, ignoring it
[20:30:01] [Server thread/WARN]: **** SERVER IS RUNNING IN OFFLINE/INSECURE MODE!
[20:30:01] [Server thread/WARN]: The server will make no attempt to authenticate usernames. Beware.
[20:30:01] [Server thread/WARN]: While this makes the game possible to play without internet access, it also opens up the ability for hackers to connect with any username they choose.
[20:30:01] [Server thread/WARN]: To change this, set "online-mode" to "true" in the server.properties file.
[20:30:01] [Server thread/INFO]: Preparing level "world"
[20:30:02] [Server thread/INFO]: Loading 0 persistent chunks for world 'minecraft:overworld'...
[20:30:02] [Server thread/INFO]: Prepared spawn area in 4 ms
[20:30:02] [Server thread/INFO]: Loading 0 persistent chunks for world 'minecraft:the_nether'...
[20:30:02] [Server thread/INFO]: Prepared spawn area in 14 ms
[20:30:02] [Server thread/INFO]: Loading 0 persistent chunks for world 'minecraft:the_end'...
[20:30:02] [Server thread/INFO]: Prepared spawn area in 15 ms
[20:30:02] [Server thread/INFO]: Done preparing level "world" (0.453s)
[20:30:02] [Server thread/INFO]: [ShadowHunterRolesPlugin] Enabling ShadowHunterRolesPlugin v1.0.0
[20:30:02] [Server thread/INFO]: [ShadowHunterRolesPlugin] ShadowHunter Character System enabled.
[20:30:02] [Server thread/INFO]: [spark] Starting background profiler...
[20:30:02] [Server thread/INFO]: [spark] The async-profiler engine is not supported for your os/arch (windows11/amd64), so the built-in Java engine will be used instead.
[20:30:02] [Server thread/INFO]: Running delayed init tasks
[20:30:02] [Server thread/INFO]: Done (8.840s)! For help, type "help"
[20:30:04] [Paper Async Task Handler Thread - 1/WARN]: *************************************************************************************
[20:30:04] [Paper Async Task Handler Thread - 1/WARN]: You are running the latest build for your Minecraft version (1.21.11)
[20:30:04] [Paper Async Task Handler Thread - 1/WARN]: However, you are 4 release(s) behind the latest stable release (26.2)!
[20:30:04] [Paper Async Task Handler Thread - 1/WARN]: It is recommended that you update as soon as possible
[20:30:04] [Paper Async Task Handler Thread - 1/WARN]: https://papermc.io/downloads/paper
[20:30:04] [Paper Async Task Handler Thread - 1/WARN]: *************************************************************************************
[20:30:42] [User Authenticator #0/INFO]: UUID of player T30NoPermProbe is 516e2db9-b772-3b3f-9310-c232b7e98a2d
[20:30:43] [Server thread/INFO]: T30NoPermProbe joined the game
[20:30:43] [Server thread/INFO]: T30NoPermProbe[/127.0.0.1:59308] logged in with entity id 111 at ([world]-703.5, 72.0, 158.5)
[20:30:44] [Server thread/INFO]: T30NoPermProbe issued server command: /role help
[20:30:45] [Server thread/INFO]: [ShadowHunterRolesPlugin] [command-access] ops.json resolved at C:\Users\ROG\Desktop\插件\ShadowHunterRoles\run\.\ops.json (entries=2)
[20:30:45] [Server thread/INFO]: [ShadowHunterRolesPlugin] [command-access] required level = 3 (config command-permission-level)
[20:30:45] [Server thread/INFO]: [ShadowHunterRolesPlugin] [command-access] denied /role for T30NoPermProbe (level=0, required=3)
[20:30:46] [Server thread/INFO]: T30NoPermProbe lost connection: Disconnected
[20:30:46] [Server thread/INFO]: T30NoPermProbe left the game
[20:30:48] [User Authenticator #0/INFO]: UUID of player testplayer01 is 05bebf87-bc89-3e61-9e2c-bf43b571a25c
[20:30:48] [Server thread/INFO]: testplayer01 joined the game
[20:30:48] [Server thread/INFO]: testplayer01[/127.0.0.1:59313] logged in with entity id 196 at ([world]-680.5853037737304, 73.0, 160.9927882426675)
[20:30:49] [Server thread/INFO]: testplayer01 issued server command: /role help
[20:30:49] [Server thread/INFO]: [ShadowHunterRolesPlugin] [command-access] allowed /role for testplayer01 (level=4, required=3)
[20:30:51] [Server thread/INFO]: testplayer01 lost connection: Disconnected
[20:30:51] [Server thread/INFO]: testplayer01 left the game
[20:31:00] [User Authenticator #0/INFO]: UUID of player T30Level2Probe is c518305a-44cd-34cf-9e17-8c2159f9bf59
[20:31:00] [Server thread/INFO]: T30Level2Probe joined the game
[20:31:00] [Server thread/INFO]: T30Level2Probe[/127.0.0.1:59327] logged in with entity id 197 at ([world]-708.5, 83.0, 168.5)
[20:31:01] [Server thread/INFO]: T30Level2Probe issued server command: /role help
[20:31:01] [Server thread/INFO]: [ShadowHunterRolesPlugin] [command-access] denied /role for T30Level2Probe (level=2, required=3)
[20:31:03] [Server thread/INFO]: T30Level2Probe lost connection: Disconnected
[20:31:03] [Server thread/INFO]: T30Level2Probe left the game
[20:31:04] [User Authenticator #0/INFO]: UUID of player T30Level3Probe is 06b03a12-032c-3753-8c88-45115aa37e1f
[20:31:05] [Server thread/INFO]: T30Level3Probe joined the game
[20:31:05] [Server thread/INFO]: T30Level3Probe[/127.0.0.1:59332] logged in with entity id 203 at ([world]-698.5, 81.0, 163.5)
[20:31:06] [Server thread/INFO]: T30Level3Probe issued server command: /role help
[20:31:06] [Server thread/INFO]: [ShadowHunterRolesPlugin] [command-access] allowed /role for T30Level3Probe (level=3, required=3)
[20:31:08] [Server thread/INFO]: T30Level3Probe lost connection: Disconnected
[20:31:08] [Server thread/INFO]: T30Level3Probe left the game
[20:31:09] [User Authenticator #0/INFO]: UUID of player testplayer01 is 05bebf87-bc89-3e61-9e2c-bf43b571a25c
[20:31:09] [Server thread/INFO]: testplayer01 joined the game
[20:31:09] [Server thread/INFO]: testplayer01[/127.0.0.1:59341] logged in with entity id 204 at ([world]-680.5853037737304, 73.0, 160.9927882426675)
[20:31:11] [Server thread/INFO]: testplayer01 issued server command: /role help
[20:31:11] [Server thread/INFO]: [ShadowHunterRolesPlugin] [command-access] allowed /role for testplayer01 (level=4, required=3)
[20:31:12] [Server thread/INFO]: testplayer01 was slain by Spider
[20:31:13] [Server thread/INFO]: testplayer01 lost connection: Disconnected
[20:31:13] [Server thread/INFO]: testplayer01 left the game
[20:31:36] [User Authenticator #0/INFO]: UUID of player testplayer01 is 05bebf87-bc89-3e61-9e2c-bf43b571a25c
[20:31:36] [Server thread/INFO]: testplayer01 joined the game
[20:31:36] [Server thread/INFO]: testplayer01[/127.0.0.1:61976] logged in with entity id 331 at ([world]-696.5, 81.0, 163.5)
[20:31:38] [Server thread/INFO]: testplayer01 issued server command: /role help
[20:31:38] [Server thread/ERROR]: [ShadowHunterRolesPlugin] [command-access] cannot read ops.json at C:\Users\ROG\Desktop\插件\ShadowHunterRoles\run\.\ops.json — all players will be denied — JsonSyntaxException: com.google.gson.stream.MalformedJsonException: Expected ':' at line 1 column 9 path $.this
See https://github.com/google/gson/blob/main/Troubleshooting.md#malformed-json
[20:31:38] [Server thread/INFO]: [ShadowHunterRolesPlugin] [command-access] denied /role for testplayer01 (level=0, required=3)
[20:31:39] [Server thread/INFO]: testplayer01 lost connection: Disconnected
[20:31:39] [Server thread/INFO]: testplayer01 left the game
[20:31:48] [User Authenticator #0/INFO]: UUID of player testplayer01 is 05bebf87-bc89-3e61-9e2c-bf43b571a25c
[20:31:48] [Server thread/INFO]: testplayer01 joined the game
[20:31:48] [Server thread/INFO]: testplayer01[/127.0.0.1:61983] logged in with entity id 408 at ([world]-696.5, 81.0, 163.5)
[20:31:50] [Server thread/INFO]: testplayer01 issued server command: /role help
[20:31:50] [Server thread/INFO]: [ShadowHunterRolesPlugin] [command-access] ops.json readable again: C:\Users\ROG\Desktop\插件\ShadowHunterRoles\run\.\ops.json (entries=2)
[20:31:50] [Server thread/INFO]: [ShadowHunterRolesPlugin] [command-access] allowed /role for testplayer01 (level=4, required=3)
[20:31:51] [Server thread/INFO]: testplayer01 lost connection: Disconnected
[20:31:51] [Server thread/INFO]: testplayer01 left the game
[20:32:00] [User Authenticator #0/INFO]: UUID of player T30Level3Probe is 06b03a12-032c-3753-8c88-45115aa37e1f
[20:32:00] [Server thread/INFO]: T30Level3Probe joined the game
[20:32:00] [Server thread/INFO]: T30Level3Probe[/127.0.0.1:64271] logged in with entity id 409 at ([world]-698.5, 81.0, 163.5)
[20:32:01] [Server thread/INFO]: T30Level3Probe issued server command: /role help
[20:32:01] [Server thread/INFO]: [ShadowHunterRolesPlugin] [command-access] allowed /role for T30Level3Probe (level=3, required=3)
[20:32:03] [Server thread/INFO]: T30Level3Probe lost connection: Disconnected
[20:32:03] [Server thread/INFO]: T30Level3Probe left the game
[20:32:05] [User Authenticator #0/INFO]: UUID of player T30Level3Probe is 06b03a12-032c-3753-8c88-45115aa37e1f
[20:32:05] [Server thread/INFO]: T30Level3Probe joined the game
[20:32:05] [Server thread/INFO]: T30Level3Probe[/127.0.0.1:64274] logged in with entity id 410 at ([world]-698.5, 81.0, 163.5)
[20:32:06] [Server thread/INFO]: T30Level3Probe issued server command: /role help
[20:32:06] [Server thread/INFO]: [ShadowHunterRolesPlugin] [command-access] required level = 4 (config command-permission-level)
[20:32:06] [Server thread/INFO]: [ShadowHunterRolesPlugin] [command-access] denied /role for T30Level3Probe (level=3, required=4)
[20:32:08] [Server thread/INFO]: T30Level3Probe lost connection: Disconnected
[20:32:08] [Server thread/INFO]: T30Level3Probe left the game
[20:32:09] [User Authenticator #0/INFO]: UUID of player testplayer01 is 05bebf87-bc89-3e61-9e2c-bf43b571a25c
[20:32:10] [Server thread/INFO]: testplayer01 joined the game
[20:32:10] [Server thread/INFO]: testplayer01[/127.0.0.1:64279] logged in with entity id 412 at ([world]-696.5, 81.0, 163.5)
[20:32:11] [Server thread/INFO]: testplayer01 issued server command: /role help
[20:32:11] [Server thread/INFO]: [ShadowHunterRolesPlugin] [command-access] allowed /role for testplayer01 (level=4, required=4)
[20:32:13] [Server thread/INFO]: testplayer01 lost connection: Disconnected
[20:32:13] [Server thread/INFO]: testplayer01 left the game
[20:32:20] [User Authenticator #0/INFO]: UUID of player T30Level3Probe is 06b03a12-032c-3753-8c88-45115aa37e1f
[20:32:20] [Server thread/INFO]: T30Level3Probe joined the game
[20:32:20] [Server thread/INFO]: T30Level3Probe[/127.0.0.1:51803] logged in with entity id 416 at ([world]-698.5, 81.0, 163.5)
[20:32:22] [Server thread/INFO]: T30Level3Probe issued server command: /role help
[20:32:22] [Server thread/INFO]: [ShadowHunterRolesPlugin] [command-access] denied /role for T30Level3Probe (level=3, required=4)
[20:32:24] [Server thread/INFO]: T30Level3Probe lost connection: Disconnected
[20:32:24] [Server thread/INFO]: T30Level3Probe left the game
[20:32:25] [User Authenticator #0/INFO]: UUID of player T30Level3Probe is 06b03a12-032c-3753-8c88-45115aa37e1f
[20:32:25] [Server thread/INFO]: T30Level3Probe joined the game
[20:32:25] [Server thread/INFO]: T30Level3Probe[/127.0.0.1:51816] logged in with entity id 420 at ([world]-698.5, 81.0, 163.5)
[20:32:27] [Server thread/INFO]: T30Level3Probe issued server command: /role help
[20:32:27] [Server thread/INFO]: [ShadowHunterRolesPlugin] [command-access] config command-permission-level=99 out of range 0-4 — clamped to 4
[20:32:27] [Server thread/INFO]: [ShadowHunterRolesPlugin] [command-access] denied /role for T30Level3Probe (level=3, required=4)
[20:32:28] [Server thread/INFO]: T30Level3Probe lost connection: Disconnected
[20:32:28] [Server thread/INFO]: T30Level3Probe left the game
[20:32:30] [User Authenticator #0/INFO]: UUID of player testplayer01 is 05bebf87-bc89-3e61-9e2c-bf43b571a25c
[20:32:30] [Server thread/INFO]: testplayer01 joined the game
[20:32:30] [Server thread/INFO]: testplayer01[/127.0.0.1:51821] logged in with entity id 424 at ([world]-696.5, 81.0, 163.5)
[20:32:32] [Server thread/INFO]: testplayer01 issued server command: /role help
[20:32:32] [Server thread/INFO]: [ShadowHunterRolesPlugin] [command-access] allowed /role for testplayer01 (level=4, required=4)
[20:32:33] [Server thread/INFO]: testplayer01 lost connection: Disconnected
[20:32:33] [Server thread/INFO]: testplayer01 left the game
[20:32:35] [User Authenticator #0/INFO]: UUID of player T30Level3Probe is 06b03a12-032c-3753-8c88-45115aa37e1f
[20:32:35] [Server thread/INFO]: T30Level3Probe joined the game
[20:32:35] [Server thread/INFO]: T30Level3Probe[/127.0.0.1:51824] logged in with entity id 425 at ([world]-698.5, 81.0, 163.5)
[20:32:37] [Server thread/INFO]: T30Level3Probe issued server command: /role help
[20:32:37] [Server thread/INFO]: [ShadowHunterRolesPlugin] [command-access] required level = 3 (config command-permission-level)
[20:32:37] [Server thread/INFO]: [ShadowHunterRolesPlugin] [command-access] allowed /role for T30Level3Probe (level=3, required=3)
[20:32:38] [Server thread/INFO]: T30Level3Probe lost connection: Disconnected
[20:32:38] [Server thread/INFO]: T30Level3Probe left the game
[20:32:40] [User Authenticator #0/INFO]: UUID of player T30Level3Probe is 06b03a12-032c-3753-8c88-45115aa37e1f
[20:32:40] [Server thread/INFO]: T30Level3Probe joined the game
[20:32:40] [Server thread/INFO]: T30Level3Probe[/127.0.0.1:51832] logged in with entity id 427 at ([world]-698.5, 81.0, 163.5)
[20:32:41] [Server thread/INFO]: T30Level3Probe issued server command: /role help
[20:32:41] [Server thread/INFO]: [ShadowHunterRolesPlugin] [command-access] allowed /role for T30Level3Probe (level=3, required=3)
[20:32:43] [Server thread/INFO]: T30Level3Probe lost connection: Disconnected
[20:32:43] [Server thread/INFO]: T30Level3Probe left the game
[20:32:45] [User Authenticator #0/INFO]: UUID of player T30Level3Probe is 06b03a12-032c-3753-8c88-45115aa37e1f
[20:32:45] [Server thread/INFO]: T30Level3Probe joined the game
[20:32:45] [Server thread/INFO]: T30Level3Probe[/127.0.0.1:51842] logged in with entity id 430 at ([world]-698.5, 81.0, 163.5)
[20:32:46] [Server thread/INFO]: T30Level3Probe issued server command: /role help
[20:32:46] [Server thread/INFO]: [ShadowHunterRolesPlugin] [command-access] allowed /role for T30Level3Probe (level=3, required=3)
[20:32:48] [Server thread/INFO]: T30Level3Probe lost connection: Disconnected
[20:32:48] [Server thread/INFO]: T30Level3Probe left the game
[20:32:49] [User Authenticator #0/INFO]: UUID of player testplayer01 is 05bebf87-bc89-3e61-9e2c-bf43b571a25c
[20:32:50] [Server thread/INFO]: testplayer01 joined the game
[20:32:50] [Server thread/INFO]: testplayer01[/127.0.0.1:51846] logged in with entity id 437 at ([world]-696.5, 81.0, 163.5)
[20:32:51] [Server thread/INFO]: testplayer01 issued server command: /role help
[20:32:51] [Server thread/INFO]: [ShadowHunterRolesPlugin] [command-access] allowed /role for testplayer01 (level=4, required=3)
[20:32:53] [Server thread/INFO]: testplayer01 lost connection: Disconnected
[20:32:53] [Server thread/INFO]: testplayer01 left the game
[20:33:01] [User Authenticator #0/INFO]: UUID of player testplayer01 is 05bebf87-bc89-3e61-9e2c-bf43b571a25c
[20:33:01] [Server thread/INFO]: testplayer01 joined the game
[20:33:01] [Server thread/INFO]: testplayer01[/127.0.0.1:52773] logged in with entity id 450 at ([world]-696.5, 81.0, 163.5)
[20:33:03] [Server thread/INFO]: testplayer01 issued server command: /role help
[20:33:03] [Server thread/INFO]: [ShadowHunterRolesPlugin] [command-access] allowed /role for testplayer01 (level=4, required=3)
[20:33:05] [Server thread/INFO]: testplayer01 lost connection: Disconnected
[20:33:05] [Server thread/INFO]: testplayer01 left the game
