[18:24:19] [ServerMain/INFO]: [bootstrap] Running Java 21 (Java HotSpot(TM) 64-Bit Server VM 21.0.8+12-LTS-250; Oracle Corporation null) on Windows 11 10.0 (amd64)
[18:24:19] [ServerMain/INFO]: [bootstrap] Loading Paper 1.21.11-132-ver/1.21.11@c5eb079 (2026-05-11T11:43:09Z) for Minecraft 1.21.11
[18:24:19] [ServerMain/WARN]: [oshi.util.platform.windows.WmiQueryHandler] COM exception querying Win32_Processor, which might not be on your system. Will not attempt to query it again. Error was -2147217405: (HRESULT: 80041003)
[18:24:19] [ServerMain/WARN]: [oshi.util.platform.windows.WmiQueryHandler] COM exception querying Win32_Processor, which might not be on your system. Will not attempt to query it again. Error was -2147217405: (HRESULT: 80041003)
[18:24:19] [ServerMain/WARN]: [oshi.util.platform.windows.WmiQueryHandler] COM exception querying Win32_PhysicalMemory, which might not be on your system. Will not attempt to query it again. Error was -2147217405: (HRESULT: 80041003)
[18:24:19] [ServerMain/INFO]: [PluginInitializerManager] Initializing plugins...
[18:24:19] [Paper Plugin Remapper Thread - 2/INFO]: [PluginRemapper] Remapping plugin 'C:\Users\ROG\Desktop\插件\ShadowHunterRoles\build\libs\ShadowHunterRolesPlugin-1.0.0.jar'...
[18:24:20] [Paper Plugin Remapper Thread - 2/INFO]: [PluginRemapper] Done remapping plugin 'C:\Users\ROG\Desktop\插件\ShadowHunterRoles\build\libs\ShadowHunterRolesPlugin-1.0.0.jar' in 238ms.
[18:24:20] [ServerMain/INFO]: [PluginInitializerManager] Initialized 1 plugin
[18:24:20] [ServerMain/INFO]: [PluginInitializerManager] Bukkit plugins (1):
 - ShadowHunterRolesPlugin (1.0.0)
[18:24:28] [ServerMain/INFO]: Environment: Environment[sessionHost=https://sessionserver.mojang.com, servicesHost=https://api.minecraftservices.com, profilesHost=https://api.mojang.com, name=PROD]
[18:24:31] [ServerMain/INFO]: Loaded 1470 recipes
[18:24:31] [ServerMain/INFO]: Loaded 1584 advancements
[18:24:31] [ServerMain/INFO]: [ca.spottedleaf.dataconverter.minecraft.datatypes.MCTypeRegistry] Initialising converters for DataConverter...
[18:24:32] [ServerMain/INFO]: [ca.spottedleaf.dataconverter.minecraft.datatypes.MCTypeRegistry] Finished initialising converters for DataConverter in 704.0ms
[18:24:32] [Server thread/INFO]: Starting minecraft server version 1.21.11
[18:24:32] [Server thread/INFO]: Loading properties
[18:24:32] [Server thread/INFO]: This server is running Paper version 1.21.11-132-ver/1.21.11@c5eb079 (2026-05-11T11:43:09Z) (Implementing API version 1.21.11-R0.1-SNAPSHOT)
[18:24:32] [Server thread/INFO]: [spark] This server bundles the spark profiler. For more information please visit https://docs.papermc.io/paper/profiling
[18:24:32] [Server thread/INFO]: Server Ping Player Sample Count: 12
[18:24:32] [Server thread/INFO]: Using 4 threads for Netty based IO
[18:24:33] [Server thread/INFO]: [MoonriseCommon] Paper is using 8 worker threads, 1 I/O threads
[18:24:33] [Server thread/INFO]: Default game type: CREATIVE
[18:24:33] [Server thread/INFO]: Generating keypair
[18:24:33] [Server thread/INFO]: Starting Minecraft server on *:25566
[18:24:34] [Server thread/INFO]: Paper: Using Java compression from Velocity.
[18:24:34] [Server thread/INFO]: Paper: Using Java cipher from Velocity.
[18:24:34] [Server thread/INFO]: [SpigotLibraryLoader] [ShadowHunterRolesPlugin] Loading 0 libraries... please wait
[18:24:34] [Server thread/INFO]: [ShadowHunterRolesPlugin] Loading server plugin ShadowHunterRolesPlugin v1.0.0
[18:24:34] [Server thread/INFO]: Server permissions file permissions.yml is empty, ignoring it
[18:24:34] [Server thread/WARN]: **** SERVER IS RUNNING IN OFFLINE/INSECURE MODE!
[18:24:34] [Server thread/WARN]: The server will make no attempt to authenticate usernames. Beware.
[18:24:34] [Server thread/WARN]: While this makes the game possible to play without internet access, it also opens up the ability for hackers to connect with any username they choose.
[18:24:34] [Server thread/WARN]: To change this, set "online-mode" to "true" in the server.properties file.
[18:24:34] [Server thread/INFO]: Preparing level "world"
[18:24:34] [Server thread/INFO]: Loading 0 persistent chunks for world 'minecraft:overworld'...
[18:24:34] [Server thread/INFO]: Prepared spawn area in 12 ms
[18:24:34] [Server thread/INFO]: Loading 0 persistent chunks for world 'minecraft:the_nether'...
[18:24:34] [Server thread/INFO]: Prepared spawn area in 14 ms
[18:24:34] [Server thread/INFO]: Loading 0 persistent chunks for world 'minecraft:the_end'...
[18:24:34] [Server thread/INFO]: Prepared spawn area in 15 ms
[18:24:34] [Server thread/INFO]: Done preparing level "world" (0.563s)
[18:24:34] [Server thread/INFO]: [ShadowHunterRolesPlugin] Enabling ShadowHunterRolesPlugin v1.0.0
[18:24:34] [Server thread/INFO]: [ShadowHunterRolesPlugin] ShadowHunter Character System enabled.
[18:24:35] [Server thread/INFO]: [spark] Starting background profiler...
[18:24:35] [Server thread/INFO]: [spark] The async-profiler engine is not supported for your os/arch (windows11/amd64), so the built-in Java engine will be used instead.
[18:24:35] [Server thread/INFO]: Running delayed init tasks
[18:24:35] [Server thread/INFO]: Done (16.294s)! For help, type "help"
[18:24:37] [Paper Async Task Handler Thread - 1/WARN]: *************************************************************************************
[18:24:37] [Paper Async Task Handler Thread - 1/WARN]: You are running the latest build for your Minecraft version (1.21.11)
[18:24:37] [Paper Async Task Handler Thread - 1/WARN]: However, you are 4 release(s) behind the latest stable release (26.2)!
[18:24:37] [Paper Async Task Handler Thread - 1/WARN]: It is recommended that you update as soon as possible
[18:24:37] [Paper Async Task Handler Thread - 1/WARN]: https://papermc.io/downloads/paper
[18:24:37] [Paper Async Task Handler Thread - 1/WARN]: *************************************************************************************
