[00:46:21] [ServerMain/INFO]: [bootstrap] Running Java 21 (Java HotSpot(TM) 64-Bit Server VM 21.0.8+12-LTS-250; Oracle Corporation null) on Windows 11 10.0 (amd64)
[00:46:21] [ServerMain/INFO]: [bootstrap] Loading Paper 1.21.11-132-ver/1.21.11@c5eb079 (2026-05-11T11:43:09Z) for Minecraft 1.21.11
[00:46:21] [ServerMain/WARN]: [oshi.util.platform.windows.WmiQueryHandler] COM exception querying Win32_Processor, which might not be on your system. Will not attempt to query it again. Error was -2147217405: (HRESULT: 80041003)
[00:46:21] [ServerMain/WARN]: [oshi.util.platform.windows.WmiQueryHandler] COM exception querying Win32_Processor, which might not be on your system. Will not attempt to query it again. Error was -2147217405: (HRESULT: 80041003)
[00:46:21] [ServerMain/WARN]: [oshi.util.platform.windows.WmiQueryHandler] COM exception querying Win32_PhysicalMemory, which might not be on your system. Will not attempt to query it again. Error was -2147217405: (HRESULT: 80041003)
[00:46:21] [ServerMain/INFO]: [PluginInitializerManager] Initializing plugins...
[00:46:21] [Paper Plugin Remapper Thread - 2/INFO]: [PluginRemapper] Remapping plugin 'C:\Users\ROG\Desktop\插件\ShadowHunterRoles\build\libs\ShadowHunterRolesPlugin-1.0.0.jar'...
[00:46:22] [Paper Plugin Remapper Thread - 2/INFO]: [PluginRemapper] Done remapping plugin 'C:\Users\ROG\Desktop\插件\ShadowHunterRoles\build\libs\ShadowHunterRolesPlugin-1.0.0.jar' in 485ms.
[00:46:23] [ServerMain/INFO]: [PluginInitializerManager] Initialized 1 plugin
[00:46:23] [ServerMain/INFO]: [PluginInitializerManager] Bukkit plugins (1):
 - ShadowHunterRolesPlugin (1.0.0)
[00:46:37] [ServerMain/INFO]: Environment: Environment[sessionHost=https://sessionserver.mojang.com, servicesHost=https://api.minecraftservices.com, profilesHost=https://api.mojang.com, name=PROD]
[00:46:42] [ServerMain/INFO]: Loaded 1470 recipes
[00:46:42] [ServerMain/INFO]: Loaded 1584 advancements
[00:46:42] [ServerMain/INFO]: [ca.spottedleaf.dataconverter.minecraft.datatypes.MCTypeRegistry] Initialising converters for DataConverter...
[00:46:43] [ServerMain/INFO]: [ca.spottedleaf.dataconverter.minecraft.datatypes.MCTypeRegistry] Finished initialising converters for DataConverter in 1,001.9ms
[00:46:44] [Server thread/INFO]: Starting minecraft server version 1.21.11
[00:46:44] [Server thread/INFO]: Loading properties
[00:46:44] [Server thread/INFO]: This server is running Paper version 1.21.11-132-ver/1.21.11@c5eb079 (2026-05-11T11:43:09Z) (Implementing API version 1.21.11-R0.1-SNAPSHOT)
[00:46:44] [Server thread/INFO]: [spark] This server bundles the spark profiler. For more information please visit https://docs.papermc.io/paper/profiling
[00:46:44] [Server thread/INFO]: Server Ping Player Sample Count: 12
[00:46:44] [Server thread/INFO]: Using 4 threads for Netty based IO
[00:46:45] [Server thread/INFO]: [MoonriseCommon] Paper is using 8 worker threads, 1 I/O threads
[00:46:46] [Server thread/INFO]: Default game type: CREATIVE
[00:46:46] [Server thread/INFO]: Generating keypair
[00:46:46] [Server thread/INFO]: Starting Minecraft server on *:25566
[00:46:46] [Server thread/INFO]: Paper: Using Java compression from Velocity.
[00:46:46] [Server thread/INFO]: Paper: Using Java cipher from Velocity.
[00:46:46] [Server thread/INFO]: [SpigotLibraryLoader] [ShadowHunterRolesPlugin] Loading 0 libraries... please wait
[00:46:46] [Server thread/INFO]: [ShadowHunterRolesPlugin] Loading server plugin ShadowHunterRolesPlugin v1.0.0
[00:46:46] [Server thread/INFO]: Server permissions file permissions.yml is empty, ignoring it
[00:46:46] [Server thread/WARN]: **** SERVER IS RUNNING IN OFFLINE/INSECURE MODE!
[00:46:46] [Server thread/WARN]: The server will make no attempt to authenticate usernames. Beware.
[00:46:46] [Server thread/WARN]: While this makes the game possible to play without internet access, it also opens up the ability for hackers to connect with any username they choose.
[00:46:46] [Server thread/WARN]: To change this, set "online-mode" to "true" in the server.properties file.
[00:46:46] [Server thread/INFO]: Preparing level "world"
[00:46:47] [Server thread/INFO]: Loading 0 persistent chunks for world 'minecraft:overworld'...
[00:46:47] [Server thread/INFO]: Preparing spawn area: 100%
[00:46:47] [Server thread/INFO]: Prepared spawn area in 15 ms
[00:46:47] [Server thread/INFO]: Loading 0 persistent chunks for world 'minecraft:the_nether'...
[00:46:47] [Server thread/INFO]: Prepared spawn area in 11 ms
[00:46:47] [Server thread/INFO]: Loading 0 persistent chunks for world 'minecraft:the_end'...
[00:46:47] [Server thread/INFO]: Preparing spawn area: 100%
[00:46:47] [Server thread/INFO]: Prepared spawn area in 14 ms
[00:46:47] [Server thread/INFO]: Done preparing level "world" (1.055s)
[00:46:47] [Server thread/INFO]: [ShadowHunterRolesPlugin] Enabling ShadowHunterRolesPlugin v1.0.0
[00:46:47] [Server thread/INFO]: [ShadowHunterRolesPlugin] ShadowHunter Character System enabled.
[00:46:48] [Server thread/INFO]: [spark] Starting background profiler...
[00:46:48] [Server thread/INFO]: [spark] The async-profiler engine is not supported for your os/arch (windows11/amd64), so the built-in Java engine will be used instead.
[00:46:48] [Server thread/INFO]: Running delayed init tasks
[00:46:48] [Server thread/INFO]: Done (28.094s)! For help, type "help"
[00:46:50] [Paper Async Task Handler Thread - 1/WARN]: *************************************************************************************
[00:46:50] [Paper Async Task Handler Thread - 1/WARN]: You are running the latest build for your Minecraft version (1.21.11)
[00:46:50] [Paper Async Task Handler Thread - 1/WARN]: However, you are 4 release(s) behind the latest stable release (26.2)!
[00:46:50] [Paper Async Task Handler Thread - 1/WARN]: It is recommended that you update as soon as possible
[00:46:50] [Paper Async Task Handler Thread - 1/WARN]: https://papermc.io/downloads/paper
[00:46:50] [Paper Async Task Handler Thread - 1/WARN]: *************************************************************************************
