[20:03:06] [ServerMain/INFO]: [bootstrap] Running Java 21 (Java HotSpot(TM) 64-Bit Server VM 21.0.8+12-LTS-250; Oracle Corporation null) on Windows 11 10.0 (amd64)
[20:03:06] [ServerMain/INFO]: [bootstrap] Loading Paper 1.21.11-132-ver/1.21.11@c5eb079 (2026-05-11T11:43:09Z) for Minecraft 1.21.11
[20:03:07] [ServerMain/WARN]: [oshi.util.platform.windows.WmiQueryHandler] COM exception querying Win32_Processor, which might not be on your system. Will not attempt to query it again. Error was -2147217405: (HRESULT: 80041003)
[20:03:07] [ServerMain/WARN]: [oshi.util.platform.windows.WmiQueryHandler] COM exception querying Win32_Processor, which might not be on your system. Will not attempt to query it again. Error was -2147217405: (HRESULT: 80041003)
[20:03:07] [ServerMain/WARN]: [oshi.util.platform.windows.WmiQueryHandler] COM exception querying Win32_PhysicalMemory, which might not be on your system. Will not attempt to query it again. Error was -2147217405: (HRESULT: 80041003)
[20:03:07] [ServerMain/INFO]: [PluginInitializerManager] Initializing plugins...
[20:03:07] [Paper Plugin Remapper Thread - 2/INFO]: [PluginRemapper] Remapping plugin 'C:\Users\ROG\Desktop\插件\ShadowHunterRoles\build\libs\ShadowHunterRolesPlugin-1.0.0.jar'...
[20:03:08] [Paper Plugin Remapper Thread - 2/INFO]: [PluginRemapper] Done remapping plugin 'C:\Users\ROG\Desktop\插件\ShadowHunterRoles\build\libs\ShadowHunterRolesPlugin-1.0.0.jar' in 591ms.
[20:03:09] [ServerMain/INFO]: [PluginInitializerManager] Initialized 1 plugin
[20:03:09] [ServerMain/INFO]: [PluginInitializerManager] Bukkit plugins (1):
 - ShadowHunterRolesPlugin (1.0.0)
[20:03:14] [ServerMain/INFO]: Environment: Environment[sessionHost=https://sessionserver.mojang.com, servicesHost=https://api.minecraftservices.com, profilesHost=https://api.mojang.com, name=PROD]
[20:03:16] [ServerMain/INFO]: Loaded 1470 recipes
[20:03:16] [ServerMain/INFO]: Loaded 1584 advancements
[20:03:16] [ServerMain/INFO]: [ca.spottedleaf.dataconverter.minecraft.datatypes.MCTypeRegistry] Initialising converters for DataConverter...
[20:03:16] [ServerMain/INFO]: [ca.spottedleaf.dataconverter.minecraft.datatypes.MCTypeRegistry] Finished initialising converters for DataConverter in 334.0ms
[20:03:16] [Server thread/INFO]: Starting minecraft server version 1.21.11
[20:03:16] [Server thread/INFO]: Loading properties
[20:03:17] [Server thread/INFO]: This server is running Paper version 1.21.11-132-ver/1.21.11@c5eb079 (2026-05-11T11:43:09Z) (Implementing API version 1.21.11-R0.1-SNAPSHOT)
[20:03:17] [Server thread/INFO]: [spark] This server bundles the spark profiler. For more information please visit https://docs.papermc.io/paper/profiling
[20:03:17] [Server thread/INFO]: Server Ping Player Sample Count: 12
[20:03:17] [Server thread/INFO]: Using 4 threads for Netty based IO
[20:03:17] [Server thread/INFO]: [MoonriseCommon] Paper is using 8 worker threads, 1 I/O threads
[20:03:17] [Server thread/INFO]: Default game type: CREATIVE
[20:03:17] [Server thread/INFO]: Generating keypair
[20:03:17] [Server thread/INFO]: Starting Minecraft server on *:25566
[20:03:17] [Server thread/INFO]: Paper: Using Java compression from Velocity.
[20:03:17] [Server thread/INFO]: Paper: Using Java cipher from Velocity.
[20:03:17] [Server thread/INFO]: [SpigotLibraryLoader] [ShadowHunterRolesPlugin] Loading 0 libraries... please wait
[20:03:17] [Server thread/INFO]: [ShadowHunterRolesPlugin] Loading server plugin ShadowHunterRolesPlugin v1.0.0
[20:03:17] [Server thread/INFO]: Server permissions file permissions.yml is empty, ignoring it
[20:03:17] [Server thread/WARN]: **** SERVER IS RUNNING IN OFFLINE/INSECURE MODE!
[20:03:17] [Server thread/WARN]: The server will make no attempt to authenticate usernames. Beware.
[20:03:17] [Server thread/WARN]: While this makes the game possible to play without internet access, it also opens up the ability for hackers to connect with any username they choose.
[20:03:17] [Server thread/WARN]: To change this, set "online-mode" to "true" in the server.properties file.
[20:03:17] [Server thread/INFO]: Preparing level "world"
[20:03:18] [Server thread/INFO]: Loading 0 persistent chunks for world 'minecraft:overworld'...
[20:03:18] [Server thread/INFO]: Preparing spawn area: 100%
[20:03:18] [Server thread/INFO]: Prepared spawn area in 3 ms
[20:03:18] [Server thread/INFO]: Loading 0 persistent chunks for world 'minecraft:the_nether'...
[20:03:18] [Server thread/INFO]: Preparing spawn area: 100%
[20:03:18] [Server thread/INFO]: Prepared spawn area in 2 ms
[20:03:18] [Server thread/INFO]: Loading 0 persistent chunks for world 'minecraft:the_end'...
[20:03:18] [Server thread/INFO]: Prepared spawn area in 0 ms
[20:03:18] [Server thread/INFO]: Done preparing level "world" (0.606s)
[20:03:18] [Server thread/INFO]: [ShadowHunterRolesPlugin] Enabling ShadowHunterRolesPlugin v1.0.0
[20:03:18] [Server thread/INFO]: [ShadowHunterRolesPlugin] ShadowHunter Character System enabled.
[20:03:19] [Server thread/INFO]: [spark] Starting background profiler...
[20:03:19] [Server thread/INFO]: [spark] The async-profiler engine is not supported for your os/arch (windows11/amd64), so the built-in Java engine will be used instead.
[20:03:19] [Server thread/INFO]: Running delayed init tasks
[20:03:19] [Server thread/INFO]: Done (13.133s)! For help, type "help"
[20:03:20] [Paper Async Task Handler Thread - 1/WARN]: *************************************************************************************
[20:03:20] [Paper Async Task Handler Thread - 1/WARN]: You are running the latest build for your Minecraft version (1.21.11)
[20:03:20] [Paper Async Task Handler Thread - 1/WARN]: However, you are 4 release(s) behind the latest stable release (26.2)!
[20:03:20] [Paper Async Task Handler Thread - 1/WARN]: It is recommended that you update as soon as possible
[20:03:20] [Paper Async Task Handler Thread - 1/WARN]: https://papermc.io/downloads/paper
[20:03:20] [Paper Async Task Handler Thread - 1/WARN]: *************************************************************************************
