[22:28:23] [ServerMain/INFO]: [bootstrap] Running Java 21 (Java HotSpot(TM) 64-Bit Server VM 21.0.8+12-LTS-250; Oracle Corporation null) on Windows 11 10.0 (amd64)
[22:28:23] [ServerMain/INFO]: [bootstrap] Loading Paper 1.21.11-132-ver/1.21.11@c5eb079 (2026-05-11T11:43:09Z) for Minecraft 1.21.11
[22:28:23] [ServerMain/WARN]: [oshi.util.platform.windows.WmiQueryHandler] COM exception querying Win32_Processor, which might not be on your system. Will not attempt to query it again. Error was -2147217405: (HRESULT: 80041003)
[22:28:23] [ServerMain/WARN]: [oshi.util.platform.windows.WmiQueryHandler] COM exception querying Win32_Processor, which might not be on your system. Will not attempt to query it again. Error was -2147217405: (HRESULT: 80041003)
[22:28:23] [ServerMain/WARN]: [oshi.util.platform.windows.WmiQueryHandler] COM exception querying Win32_PhysicalMemory, which might not be on your system. Will not attempt to query it again. Error was -2147217405: (HRESULT: 80041003)
[22:28:24] [ServerMain/INFO]: [PluginInitializerManager] Initializing plugins...
[22:28:24] [ServerMain/INFO]: [PluginInitializerManager] Initialized 1 plugin
[22:28:24] [ServerMain/INFO]: [PluginInitializerManager] Bukkit plugins (1):
 - ShadowHunterRolesPlugin (1.0.0)
[22:28:28] [ServerMain/INFO]: Environment: Environment[sessionHost=https://sessionserver.mojang.com, servicesHost=https://api.minecraftservices.com, profilesHost=https://api.mojang.com, name=PROD]
[22:28:29] [ServerMain/INFO]: Loaded 1470 recipes
[22:28:29] [ServerMain/INFO]: Loaded 1584 advancements
[22:28:29] [ServerMain/INFO]: [ca.spottedleaf.dataconverter.minecraft.datatypes.MCTypeRegistry] Initialising converters for DataConverter...
[22:28:30] [ServerMain/INFO]: [ca.spottedleaf.dataconverter.minecraft.datatypes.MCTypeRegistry] Finished initialising converters for DataConverter in 261.6ms
[22:28:30] [Server thread/INFO]: Starting minecraft server version 1.21.11
[22:28:30] [Server thread/INFO]: Loading properties
[22:28:30] [Server thread/INFO]: This server is running Paper version 1.21.11-132-ver/1.21.11@c5eb079 (2026-05-11T11:43:09Z) (Implementing API version 1.21.11-R0.1-SNAPSHOT)
[22:28:30] [Server thread/INFO]: [spark] This server bundles the spark profiler. For more information please visit https://docs.papermc.io/paper/profiling
[22:28:30] [Server thread/INFO]: Server Ping Player Sample Count: 12
[22:28:30] [Server thread/INFO]: Using 4 threads for Netty based IO
[22:28:30] [Server thread/INFO]: [MoonriseCommon] Paper is using 8 worker threads, 1 I/O threads
[22:28:30] [Server thread/INFO]: Default game type: CREATIVE
[22:28:30] [Server thread/INFO]: Generating keypair
[22:28:30] [Server thread/INFO]: Starting Minecraft server on *:25566
[22:28:30] [Server thread/INFO]: Paper: Using Java compression from Velocity.
[22:28:30] [Server thread/INFO]: Paper: Using Java cipher from Velocity.
[22:28:30] [Server thread/INFO]: [SpigotLibraryLoader] [ShadowHunterRolesPlugin] Loading 0 libraries... please wait
[22:28:30] [Server thread/INFO]: [ShadowHunterRolesPlugin] Loading server plugin ShadowHunterRolesPlugin v1.0.0
[22:28:30] [Server thread/INFO]: Server permissions file permissions.yml is empty, ignoring it
[22:28:30] [Server thread/WARN]: **** SERVER IS RUNNING IN OFFLINE/INSECURE MODE!
[22:28:30] [Server thread/WARN]: The server will make no attempt to authenticate usernames. Beware.
[22:28:30] [Server thread/WARN]: While this makes the game possible to play without internet access, it also opens up the ability for hackers to connect with any username they choose.
[22:28:30] [Server thread/WARN]: To change this, set "online-mode" to "true" in the server.properties file.
[22:28:30] [Server thread/INFO]: Preparing level "world"
[22:28:31] [Server thread/INFO]: Loading 0 persistent chunks for world 'minecraft:overworld'...
[22:28:31] [Server thread/INFO]: Prepared spawn area in 5 ms
[22:28:31] [Server thread/INFO]: Loading 0 persistent chunks for world 'minecraft:the_nether'...
[22:28:31] [Server thread/INFO]: Prepared spawn area in 14 ms
[22:28:31] [Server thread/INFO]: Loading 0 persistent chunks for world 'minecraft:the_end'...
[22:28:31] [Server thread/INFO]: Prepared spawn area in 16 ms
[22:28:31] [Server thread/INFO]: Done preparing level "world" (0.449s)
[22:28:31] [Server thread/INFO]: [ShadowHunterRolesPlugin] Enabling ShadowHunterRolesPlugin v1.0.0
[22:28:31] [Server thread/INFO]: [ShadowHunterRolesPlugin] ShadowHunter Character System enabled.
[22:28:31] [Server thread/INFO]: [spark] Starting background profiler...
[22:28:31] [Server thread/INFO]: [spark] The async-profiler engine is not supported for your os/arch (windows11/amd64), so the built-in Java engine will be used instead.
[22:28:31] [Server thread/INFO]: Running delayed init tasks
[22:28:31] [Server thread/INFO]: Done (8.511s)! For help, type "help"
[22:28:33] [Paper Async Task Handler Thread - 1/WARN]: *************************************************************************************
[22:28:33] [Paper Async Task Handler Thread - 1/WARN]: You are running the latest build for your Minecraft version (1.21.11)
[22:28:33] [Paper Async Task Handler Thread - 1/WARN]: However, you are 4 release(s) behind the latest stable release (26.2)!
[22:28:33] [Paper Async Task Handler Thread - 1/WARN]: It is recommended that you update as soon as possible
[22:28:33] [Paper Async Task Handler Thread - 1/WARN]: https://papermc.io/downloads/paper
[22:28:33] [Paper Async Task Handler Thread - 1/WARN]: *************************************************************************************
[22:28:41] [User Authenticator #0/INFO]: UUID of player HueZhandouji is 40671423-5a96-3097-9199-6fac21782134
[22:28:43] [Server thread/INFO]: HueZhandouji joined the game
[22:28:43] [Server thread/INFO]: HueZhandouji[/127.0.0.1:56183] logged in with entity id 66 at ([world]-688.207652405396, 72.0, 141.6322291472271)
[22:28:44] [Server thread/INFO]: HueZhandouji issued server command: /role debug cooldown status 1
[22:28:44] [Server thread/INFO]: [ShadowHunterRolesPlugin] [command-debug] You have no role yet!
[22:28:46] [Server thread/INFO]: HueZhandouji issued server command: /role debug cooldown end 1
[22:28:46] [Server thread/INFO]: [ShadowHunterRolesPlugin] [command-debug] You have no role yet!
[22:28:48] [Server thread/INFO]: HueZhandouji issued server command: /role debug cooldown restart 1
[22:28:48] [Server thread/INFO]: [ShadowHunterRolesPlugin] [command-debug] You have no role yet!
[22:28:50] [Server thread/INFO]: HueZhandouji issued server command: /role set meiqihezi
[22:28:51] [Server thread/INFO]: HueZhandouji issued server command: /role debug cooldown status 1
[22:28:51] [Server thread/INFO]: [ShadowHunterRolesPlugin] [command-debug] [cooldown] meiqihezi_skill_unconcern | cooling=false | remainingTicks=0 | remainingSeconds=0.00 | declaredTicks=100
[22:28:53] [Server thread/INFO]: HueZhandouji issued server command: /role debug cooldown restart 1
[22:28:53] [Server thread/INFO]: [ShadowHunterRolesPlugin] [command-debug] [cooldown] restart(meiqihezi_skill_unconcern) wasCooling=false | no old segment was cooling | newRemainingTicks=100
[22:28:55] [Server thread/INFO]: HueZhandouji issued server command: /role debug cooldown restart 1
[22:28:55] [Server thread/INFO]: [ShadowHunterRolesPlugin] [command-debug] [cooldown] restart(meiqihezi_skill_unconcern) wasCooling=true | RESTARTED dispatched (old segment dropped) | newRemainingTicks=100
[22:28:56] [Server thread/INFO]: HueZhandouji issued server command: /role debug cooldown end 1
[22:28:56] [Server thread/INFO]: [ShadowHunterRolesPlugin] [command-debug] [cooldown] end(meiqihezi_skill_unconcern) returned=true | wasCooling=true | ENDED_BY_COMPONENT dispatched (onCooldownEnd)
[22:28:58] [Server thread/INFO]: HueZhandouji issued server command: /role debug cooldown end 1
[22:28:58] [Server thread/INFO]: [ShadowHunterRolesPlugin] [command-debug] [cooldown] end(meiqihezi_skill_unconcern) returned=false | wasCooling=false | no-op (was not cooling)
[22:29:00] [Server thread/INFO]: HueZhandouji issued server command: /role debug cooldown status 1
[22:29:00] [Server thread/INFO]: [ShadowHunterRolesPlugin] [command-debug] [cooldown] meiqihezi_skill_unconcern | cooling=false | remainingTicks=0 | remainingSeconds=0.00 | declaredTicks=100
[22:29:01] [Server thread/INFO]: HueZhandouji issued server command: /role debug cooldown status meiqihezi_skill_unconcern
[22:29:01] [Server thread/INFO]: [ShadowHunterRolesPlugin] [command-debug] [cooldown] meiqihezi_skill_unconcern | cooling=false | remainingTicks=0 | remainingSeconds=0.00 | declaredTicks=100
[22:29:03] [Server thread/INFO]: HueZhandouji issued server command: /role clear
[22:29:05] [Server thread/INFO]: HueZhandouji lost connection: Disconnected
[22:29:05] [Server thread/INFO]: HueZhandouji left the game
