[21:49:23] [ServerMain/INFO]: [bootstrap] Running Java 21 (Java HotSpot(TM) 64-Bit Server VM 21.0.8+12-LTS-250; Oracle Corporation null) on Windows 11 10.0 (amd64)
[21:49:23] [ServerMain/INFO]: [bootstrap] Loading Paper 1.21.11-132-ver/1.21.11@c5eb079 (2026-05-11T11:43:09Z) for Minecraft 1.21.11
[21:49:24] [ServerMain/WARN]: [oshi.util.platform.windows.WmiQueryHandler] COM exception querying Win32_Processor, which might not be on your system. Will not attempt to query it again. Error was -2147217405: (HRESULT: 80041003)
[21:49:24] [ServerMain/WARN]: [oshi.util.platform.windows.WmiQueryHandler] COM exception querying Win32_Processor, which might not be on your system. Will not attempt to query it again. Error was -2147217405: (HRESULT: 80041003)
[21:49:24] [ServerMain/WARN]: [oshi.util.platform.windows.WmiQueryHandler] COM exception querying Win32_PhysicalMemory, which might not be on your system. Will not attempt to query it again. Error was -2147217405: (HRESULT: 80041003)
[21:49:24] [ServerMain/INFO]: [PluginInitializerManager] Initializing plugins...
[21:49:25] [ServerMain/INFO]: [PluginInitializerManager] Initialized 1 plugin
[21:49:25] [ServerMain/INFO]: [PluginInitializerManager] Bukkit plugins (1):
 - ShadowHunterRolesPlugin (1.0.0)
[21:49:32] [ServerMain/INFO]: Environment: Environment[sessionHost=https://sessionserver.mojang.com, servicesHost=https://api.minecraftservices.com, profilesHost=https://api.mojang.com, name=PROD]
[21:49:34] [ServerMain/INFO]: Loaded 1470 recipes
[21:49:34] [ServerMain/INFO]: Loaded 1584 advancements
[21:49:34] [ServerMain/INFO]: [ca.spottedleaf.dataconverter.minecraft.datatypes.MCTypeRegistry] Initialising converters for DataConverter...
[21:49:35] [ServerMain/INFO]: [ca.spottedleaf.dataconverter.minecraft.datatypes.MCTypeRegistry] Finished initialising converters for DataConverter in 414.0ms
[21:49:35] [Server thread/INFO]: Starting minecraft server version 1.21.11
[21:49:35] [Server thread/INFO]: Loading properties
[21:49:35] [Server thread/INFO]: This server is running Paper version 1.21.11-132-ver/1.21.11@c5eb079 (2026-05-11T11:43:09Z) (Implementing API version 1.21.11-R0.1-SNAPSHOT)
[21:49:35] [Server thread/INFO]: [spark] This server bundles the spark profiler. For more information please visit https://docs.papermc.io/paper/profiling
[21:49:35] [Server thread/INFO]: Server Ping Player Sample Count: 12
[21:49:35] [Server thread/INFO]: Using 4 threads for Netty based IO
[21:49:36] [Server thread/INFO]: [MoonriseCommon] Paper is using 8 worker threads, 1 I/O threads
[21:49:36] [Server thread/INFO]: Default game type: CREATIVE
[21:49:36] [Server thread/INFO]: Generating keypair
[21:49:36] [Server thread/INFO]: Starting Minecraft server on *:25566
[21:49:36] [Server thread/INFO]: Paper: Using Java compression from Velocity.
[21:49:36] [Server thread/INFO]: Paper: Using Java cipher from Velocity.
[21:49:36] [Server thread/INFO]: [SpigotLibraryLoader] [ShadowHunterRolesPlugin] Loading 0 libraries... please wait
[21:49:36] [Server thread/INFO]: [ShadowHunterRolesPlugin] Loading server plugin ShadowHunterRolesPlugin v1.0.0
[21:49:36] [Server thread/INFO]: Server permissions file permissions.yml is empty, ignoring it
[21:49:36] [Server thread/WARN]: **** SERVER IS RUNNING IN OFFLINE/INSECURE MODE!
[21:49:36] [Server thread/WARN]: The server will make no attempt to authenticate usernames. Beware.
[21:49:36] [Server thread/WARN]: While this makes the game possible to play without internet access, it also opens up the ability for hackers to connect with any username they choose.
[21:49:36] [Server thread/WARN]: To change this, set "online-mode" to "true" in the server.properties file.
[21:49:36] [Server thread/INFO]: Preparing level "world"
[21:49:37] [Server thread/INFO]: Loading 0 persistent chunks for world 'minecraft:overworld'...
[21:49:37] [Server thread/INFO]: Preparing spawn area: 100%
[21:49:37] [Server thread/INFO]: Prepared spawn area in 9 ms
[21:49:37] [Server thread/INFO]: Loading 0 persistent chunks for world 'minecraft:the_nether'...
[21:49:37] [Server thread/INFO]: Prepared spawn area in 12 ms
[21:49:37] [Server thread/INFO]: Loading 0 persistent chunks for world 'minecraft:the_end'...
[21:49:37] [Server thread/INFO]: Prepared spawn area in 14 ms
[21:49:37] [Server thread/INFO]: Done preparing level "world" (0.635s)
[21:49:37] [Server thread/INFO]: [ShadowHunterRolesPlugin] Enabling ShadowHunterRolesPlugin v1.0.0
[21:49:37] [Server thread/INFO]: [ShadowHunterRolesPlugin] ShadowHunter Character System enabled.
[21:49:37] [Server thread/INFO]: [spark] Starting background profiler...
[21:49:37] [Server thread/INFO]: [spark] The async-profiler engine is not supported for your os/arch (windows11/amd64), so the built-in Java engine will be used instead.
[21:49:37] [Server thread/INFO]: Running delayed init tasks
[21:49:37] [Server thread/INFO]: Done (14.701s)! For help, type "help"
[21:49:39] [Paper Async Task Handler Thread - 1/WARN]: *************************************************************************************
[21:49:39] [Paper Async Task Handler Thread - 1/WARN]: You are running the latest build for your Minecraft version (1.21.11)
[21:49:39] [Paper Async Task Handler Thread - 1/WARN]: However, you are 4 release(s) behind the latest stable release (26.2)!
[21:49:39] [Paper Async Task Handler Thread - 1/WARN]: It is recommended that you update as soon as possible
[21:49:39] [Paper Async Task Handler Thread - 1/WARN]: https://papermc.io/downloads/paper
[21:49:39] [Paper Async Task Handler Thread - 1/WARN]: *************************************************************************************
[21:50:08] [User Authenticator #0/INFO]: UUID of player HueZhandouji is 40671423-5a96-3097-9199-6fac21782134
[21:50:10] [Server thread/INFO]: HueZhandouji joined the game
[21:50:10] [Server thread/INFO]: HueZhandouji[/127.0.0.1:49901] logged in with entity id 129 at ([world]-688.207652405396, 72.0, 141.6322291472271)
[21:50:12] [Server thread/INFO]: HueZhandouji issued server command: /role set meiqihezi
[21:50:14] [Server thread/INFO]: HueZhandouji issued server command: /role debug cooldown status 1
[21:50:14] [Server thread/INFO]: [ShadowHunterRolesPlugin] [command-debug] [cooldown] meiqihezi_skill_unconcern | cooling=false | remainingTicks=0 | remainingSeconds=0.00 | declaredTicks=100
[21:50:15] [Server thread/INFO]: HueZhandouji issued server command: /role debug cooldown status 1
[21:50:15] [Server thread/INFO]: [ShadowHunterRolesPlugin] [command-debug] [cooldown] meiqihezi_skill_unconcern | cooling=false | remainingTicks=0 | remainingSeconds=0.00 | declaredTicks=100
[21:50:17] [Server thread/INFO]: HueZhandouji issued server command: /role debug cooldown restart 1
[21:50:17] [Server thread/INFO]: [ShadowHunterRolesPlugin] [command-debug] [cooldown] restart(meiqihezi_skill_unconcern) wasCooling=false | no old segment was cooling | newRemainingTicks=100
[21:50:18] [Server thread/INFO]: HueZhandouji issued server command: /role debug cooldown status 1
[21:50:18] [Server thread/INFO]: [ShadowHunterRolesPlugin] [command-debug] [cooldown] meiqihezi_skill_unconcern | cooling=true | remainingTicks=63 | remainingSeconds=3.15 | declaredTicks=100
[21:50:20] [Server thread/INFO]: HueZhandouji issued server command: /role debug cooldown status meiqihezi_skill_unconcern
[21:50:20] [Server thread/INFO]: [ShadowHunterRolesPlugin] [command-debug] [cooldown] meiqihezi_skill_unconcern | cooling=true | remainingTicks=33 | remainingSeconds=1.65 | declaredTicks=100
[21:50:21] [Server thread/INFO]: HueZhandouji issued server command: /role debug cooldown end 1
[21:50:21] [Server thread/INFO]: [ShadowHunterRolesPlugin] [command-debug] [cooldown] end(meiqihezi_skill_unconcern) returned=true | wasCooling=true | ENDED_BY_COMPONENT dispatched (onCooldownEnd)
[21:50:23] [Server thread/INFO]: HueZhandouji issued server command: /role debug cooldown status 1
[21:50:23] [Server thread/INFO]: [ShadowHunterRolesPlugin] [command-debug] [cooldown] meiqihezi_skill_unconcern | cooling=false | remainingTicks=0 | remainingSeconds=0.00 | declaredTicks=100
[21:50:25] [Server thread/INFO]: HueZhandouji issued server command: /role debug cooldown
[21:50:25] [Server thread/INFO]: [ShadowHunterRolesPlugin] [command-debug] Usage: /role debug cooldown <status|end|restart> <slot|componentId>
[21:50:26] [Server thread/INFO]: HueZhandouji issued server command: /role debug cooldown bogus 0
[21:50:26] [Server thread/INFO]: [ShadowHunterRolesPlugin] [command-debug] Usage: /role debug cooldown <status|end|restart> <slot|componentId>
[21:50:28] [Server thread/INFO]: HueZhandouji issued server command: /role debug sched
[21:50:28] [Server thread/INFO]: [ShadowHunterRolesPlugin] [command-debug] [sched] probe start | commandThread=Server thread | commandTick=985 | primaryThread=true | declared: runDelayed=20t, runAtFixedRate=1/10t, bukkit runTaskTimer=1/10t, boundary=0/10t
[21:50:28] [Server thread/INFO]: [ShadowHunterRolesPlugin] [command-debug] [sched] ② boundary | GlobalRegionScheduler.runAtFixedRate(0,10) -> initialDelay0=REJECTED(IllegalArgumentException: Initial delay ticks may not be <= 0) | Bukkit.getScheduler().runTaskTimer(0,10) -> initialDelay0=ACCEPTED
[21:50:28] [Server thread/INFO]: [ShadowHunterRolesPlugin] [command-debug] [sched] ① execute | thread=Server thread | tick=986 | delta=1 | primaryThread=true
[21:50:28] [Server thread/INFO]: [ShadowHunterRolesPlugin] [command-debug] [sched] ④p port leg | component=autoRecoverEnergy_passive,portFirstSecond=1/11 | expectedByMatrix(0,10)=1/11 | identical=true
[21:50:29] [Server thread/INFO]: [ShadowHunterRolesPlugin] [command-debug] [sched] ④(BukkitTask) cancel() -> void | isCancelled() before=false | after=true | no exception = idempotent
[21:50:29] [Server thread/INFO]: [ShadowHunterRolesPlugin] [command-debug] [sched] ④ cancel() #1 -> NEXT_RUNS_CANCELLED | isCancelled()=true | getExecutionState()=CANCELLED_RUNNING
[21:50:29] [Server thread/INFO]: [ShadowHunterRolesPlugin] [command-debug] [sched] ④ cancel() #2 (repeat) -> NEXT_RUNS_CANCELLED_ALREADY | isCancelled()=true | getExecutionState()=CANCELLED_RUNNING | no exception = idempotent
[21:50:29] [Server thread/INFO]: [ShadowHunterRolesPlugin] [command-debug] [sched] ③d adapter Task.cancel() -> void | isCancelledBefore=false,isCancelledAfter=true,isCancelledAfterSecondCancel=true | repeated cancel: no exception = idempotent
[21:50:29] [Server thread/INFO]: HueZhandouji issued server command: /role debug sched all
[21:50:29] [Server thread/INFO]: [ShadowHunterRolesPlugin] [command-debug] [sched] probe start | commandThread=Server thread | commandTick=1015 | primaryThread=true | declared: runDelayed=20t, runAtFixedRate=1/10t, bukkit runTaskTimer=1/10t, boundary=0/10t
[21:50:29] [Server thread/INFO]: [ShadowHunterRolesPlugin] [command-debug] [sched] ② boundary | GlobalRegionScheduler.runAtFixedRate(0,10) -> initialDelay0=REJECTED(IllegalArgumentException: Initial delay ticks may not be <= 0) | Bukkit.getScheduler().runTaskTimer(0,10) -> initialDelay0=ACCEPTED
[21:50:29] [Server thread/INFO]: [ShadowHunterRolesPlugin] [command-debug] [sched] ① execute | thread=Server thread | tick=1016 | delta=1 | primaryThread=true
[21:50:30] [Server thread/INFO]: [ShadowHunterRolesPlugin] [command-debug] [sched] ④p port leg | component=autoRecoverEnergy_passive,portFirstSecond=1/11 | expectedByMatrix(0,10)=1/11 | identical=true
[21:50:30] [Server thread/INFO]: [ShadowHunterRolesPlugin] [command-debug] [sched] ④m matrix: per-row tick detail for the 8 declared pairs x 2 paths stays player-side only; the key verdict line follows
[21:50:30] [Server thread/INFO]: [ShadowHunterRolesPlugin] [command-debug] [sched] ④m verdict | matrixAllPairsMatch=true
[21:50:30] [Server thread/INFO]: [ShadowHunterRolesPlugin] [command-debug] [sched] ④(BukkitTask) cancel() -> void | isCancelled() before=false | after=true | no exception = idempotent
[21:50:30] [Server thread/INFO]: [ShadowHunterRolesPlugin] [command-debug] [sched] ④ cancel() #1 -> NEXT_RUNS_CANCELLED | isCancelled()=true | getExecutionState()=CANCELLED_RUNNING
[21:50:30] [Server thread/INFO]: [ShadowHunterRolesPlugin] [command-debug] [sched] ④ cancel() #2 (repeat) -> NEXT_RUNS_CANCELLED_ALREADY | isCancelled()=true | getExecutionState()=CANCELLED_RUNNING | no exception = idempotent
[21:50:30] [Server thread/INFO]: [ShadowHunterRolesPlugin] [command-debug] [sched] ③d adapter Task.cancel() -> void | isCancelledBefore=false,isCancelledAfter=true,isCancelledAfterSecondCancel=true | repeated cancel: no exception = idempotent
[21:50:31] [Server thread/INFO]: [ShadowHunterRolesPlugin] [command-debug] [sched] ⑤ raw | globalThread=Server thread | bukkitThread=Server thread | globalDeltas=1/11/21 (declared 1/10) | bukkitDeltas=1/11/21 (declared 1/10) | globalRunDelayedDelta=20 | bukkitRunTaskLaterDelta=20 (declared 20) | adapterRunLaterDelta=20 | A/B(declared 0/10) rawBukkitFirstThird=1/21 adapterFirstThird=1/21 | globalCancel=cancel1=NEXT_RUNS_CANCELLED,isCancelled1=true,state1=CANCELLED_RUNNING,cancel2=NEXT_RUNS_CANCELLED_ALREADY,isCancelled2=true,state2=CANCELLED_RUNNING | bukkitCancel=isCancelledBefore=false,isCancelledAfter=true | adapterCancel=isCancelledBefore=false,isCancelledAfter=true,isCancelledAfterSecondCancel=true
[21:50:31] [Server thread/INFO]: [ShadowHunterRolesPlugin] [command-debug] [sched] ⑤ verdict | sameThread=true | periodEquivalent=true (global=20 bukkit=20, declared 20) | delayedEquivalent=true | cancelSemanticsOk=true | rawInitialDelayPolicySame=false (global: initialDelay0=REJECTED(IllegalArgumentException: Initial delay ticks may not be <= 0) / bukkit: initialDelay0=ACCEPTED) | clampEquivalent=true | adapterDelayedEquivalent=true | adapterCancelOk=true | matrixEquivalent=true | portLeg=autoRecoverEnergy_passive,portFirstSecond=1/11 | portLegEquivalent=true | CONCLUSION=CAN swap the platform adapter to GlobalRegionScheduler with zero visible difference (raw APIs differ only on initialDelay<=0; the adapter normalises 0 -> 1 and the A/B on the production declaration 0/10 is tick-identical)
[21:50:32] [Server thread/INFO]: [ShadowHunterRolesPlugin] [command-debug] [sched] ④m matrix: per-row tick detail for the 8 declared pairs x 2 paths stays player-side only; the key verdict line follows
[21:50:32] [Server thread/INFO]: [ShadowHunterRolesPlugin] [command-debug] [sched] ④m verdict | matrixAllPairsMatch=true
[21:50:32] [Server thread/INFO]: [ShadowHunterRolesPlugin] [command-debug] [sched] ⑤ raw | globalThread=Server thread | bukkitThread=Server thread | globalDeltas=1/11/21 (declared 1/10) | bukkitDeltas=1/11/21 (declared 1/10) | globalRunDelayedDelta=20 | bukkitRunTaskLaterDelta=20 (declared 20) | adapterRunLaterDelta=20 | A/B(declared 0/10) rawBukkitFirstThird=1/21 adapterFirstThird=1/21 | globalCancel=cancel1=NEXT_RUNS_CANCELLED,isCancelled1=true,state1=CANCELLED_RUNNING,cancel2=NEXT_RUNS_CANCELLED_ALREADY,isCancelled2=true,state2=CANCELLED_RUNNING | bukkitCancel=isCancelledBefore=false,isCancelledAfter=true | adapterCancel=isCancelledBefore=false,isCancelledAfter=true,isCancelledAfterSecondCancel=true
[21:50:32] [Server thread/INFO]: [ShadowHunterRolesPlugin] [command-debug] [sched] ⑤ verdict | sameThread=true | periodEquivalent=true (global=20 bukkit=20, declared 20) | delayedEquivalent=true | cancelSemanticsOk=true | rawInitialDelayPolicySame=false (global: initialDelay0=REJECTED(IllegalArgumentException: Initial delay ticks may not be <= 0) / bukkit: initialDelay0=ACCEPTED) | clampEquivalent=true | adapterDelayedEquivalent=true | adapterCancelOk=true | matrixEquivalent=true | portLeg=autoRecoverEnergy_passive,portFirstSecond=1/11 | portLegEquivalent=true | CONCLUSION=CAN swap the platform adapter to GlobalRegionScheduler with zero visible difference (raw APIs differ only on initialDelay<=0; the adapter normalises 0 -> 1 and the A/B on the production declaration 0/10 is tick-identical)
[21:50:44] [Server thread/INFO]: /127.0.0.1:49932 lost connection: Internal Exception: io.netty.handler.codec.DecoderException: Failed to decode packet 'serverbound/minecraft:hello'
[21:51:44] [Server thread/INFO]: HueZhandouji lost connection: Disconnected
[21:51:44] [Server thread/INFO]: HueZhandouji left the game
[21:52:33] [User Authenticator #1/INFO]: UUID of player HueZhandouji is 40671423-5a96-3097-9199-6fac21782134
[21:52:33] [Server thread/INFO]: HueZhandouji joined the game
[21:52:33] [Server thread/INFO]: HueZhandouji[/127.0.0.1:50035] logged in with entity id 370 at ([world]-688.207652405396, 72.0, 141.6322291472271)
[21:52:35] [Server thread/INFO]: HueZhandouji issued server command: /role set meiqihezi
[21:52:36] [Server thread/INFO]: HueZhandouji issued server command: /role debug cooldown status 1
[21:52:36] [Server thread/INFO]: [ShadowHunterRolesPlugin] [command-debug] [cooldown] meiqihezi_skill_unconcern | cooling=false | remainingTicks=0 | remainingSeconds=0.00 | declaredTicks=100
[21:52:38] [Server thread/INFO]: HueZhandouji issued server command: /role debug cooldown status 1
[21:52:38] [Server thread/INFO]: [ShadowHunterRolesPlugin] [command-debug] [cooldown] meiqihezi_skill_unconcern | cooling=false | remainingTicks=0 | remainingSeconds=0.00 | declaredTicks=100
[21:52:39] [Server thread/INFO]: HueZhandouji issued server command: /role debug cooldown restart 1
[21:52:39] [Server thread/INFO]: [ShadowHunterRolesPlugin] [command-debug] [cooldown] restart(meiqihezi_skill_unconcern) wasCooling=false | no old segment was cooling | newRemainingTicks=100
[21:52:41] [Server thread/INFO]: HueZhandouji issued server command: /role debug cooldown status 1
[21:52:41] [Server thread/INFO]: [ShadowHunterRolesPlugin] [command-debug] [cooldown] meiqihezi_skill_unconcern | cooling=true | remainingTicks=63 | remainingSeconds=3.15 | declaredTicks=100
[21:52:42] [Server thread/INFO]: HueZhandouji issued server command: /role debug cooldown status meiqihezi_skill_unconcern
[21:52:42] [Server thread/INFO]: [ShadowHunterRolesPlugin] [command-debug] [cooldown] meiqihezi_skill_unconcern | cooling=true | remainingTicks=33 | remainingSeconds=1.65 | declaredTicks=100
[21:52:44] [Server thread/INFO]: HueZhandouji issued server command: /role debug cooldown end 1
[21:52:44] [Server thread/INFO]: [ShadowHunterRolesPlugin] [command-debug] [cooldown] end(meiqihezi_skill_unconcern) returned=true | wasCooling=true | ENDED_BY_COMPONENT dispatched (onCooldownEnd)
[21:52:46] [Server thread/INFO]: HueZhandouji issued server command: /role debug cooldown status 1
[21:52:46] [Server thread/INFO]: [ShadowHunterRolesPlugin] [command-debug] [cooldown] meiqihezi_skill_unconcern | cooling=false | remainingTicks=0 | remainingSeconds=0.00 | declaredTicks=100
[21:52:47] [Server thread/INFO]: HueZhandouji issued server command: /role debug cooldown
[21:52:47] [Server thread/INFO]: [ShadowHunterRolesPlugin] [command-debug] Usage: /role debug cooldown <status|end|restart> <slot|componentId>
[21:52:49] [Server thread/INFO]: HueZhandouji issued server command: /role debug cooldown bogus 0
[21:52:49] [Server thread/INFO]: [ShadowHunterRolesPlugin] [command-debug] Usage: /role debug cooldown <status|end|restart> <slot|componentId>
[21:52:50] [Server thread/INFO]: HueZhandouji issued server command: /role debug sched
[21:52:50] [Server thread/INFO]: [ShadowHunterRolesPlugin] [command-debug] [sched] probe start | commandThread=Server thread | commandTick=3837 | primaryThread=true | declared: runDelayed=20t, runAtFixedRate=1/10t, bukkit runTaskTimer=1/10t, boundary=0/10t
[21:52:50] [Server thread/INFO]: [ShadowHunterRolesPlugin] [command-debug] [sched] ② boundary | GlobalRegionScheduler.runAtFixedRate(0,10) -> initialDelay0=REJECTED(IllegalArgumentException: Initial delay ticks may not be <= 0) | Bukkit.getScheduler().runTaskTimer(0,10) -> initialDelay0=ACCEPTED
[21:52:50] [Server thread/INFO]: [ShadowHunterRolesPlugin] [command-debug] [sched] ① execute | thread=Server thread | tick=3838 | delta=1 | primaryThread=true
[21:52:51] [Server thread/INFO]: [ShadowHunterRolesPlugin] [command-debug] [sched] ④p port leg | component=autoRecoverEnergy_passive,portFirstSecond=1/11 | expectedByMatrix(0,10)=1/11 | identical=true
[21:52:51] [Server thread/INFO]: [ShadowHunterRolesPlugin] [command-debug] [sched] ④(BukkitTask) cancel() -> void | isCancelled() before=false | after=true | no exception = idempotent
[21:52:51] [Server thread/INFO]: [ShadowHunterRolesPlugin] [command-debug] [sched] ④ cancel() #1 -> NEXT_RUNS_CANCELLED | isCancelled()=true | getExecutionState()=CANCELLED_RUNNING
[21:52:51] [Server thread/INFO]: [ShadowHunterRolesPlugin] [command-debug] [sched] ④ cancel() #2 (repeat) -> NEXT_RUNS_CANCELLED_ALREADY | isCancelled()=true | getExecutionState()=CANCELLED_RUNNING | no exception = idempotent
[21:52:51] [Server thread/INFO]: [ShadowHunterRolesPlugin] [command-debug] [sched] ③d adapter Task.cancel() -> void | isCancelledBefore=false,isCancelledAfter=true,isCancelledAfterSecondCancel=true | repeated cancel: no exception = idempotent
[21:52:52] [Server thread/INFO]: HueZhandouji issued server command: /role debug sched all
[21:52:52] [Server thread/INFO]: [ShadowHunterRolesPlugin] [command-debug] [sched] probe start | commandThread=Server thread | commandTick=3867 | primaryThread=true | declared: runDelayed=20t, runAtFixedRate=1/10t, bukkit runTaskTimer=1/10t, boundary=0/10t
[21:52:52] [Server thread/INFO]: [ShadowHunterRolesPlugin] [command-debug] [sched] ② boundary | GlobalRegionScheduler.runAtFixedRate(0,10) -> initialDelay0=REJECTED(IllegalArgumentException: Initial delay ticks may not be <= 0) | Bukkit.getScheduler().runTaskTimer(0,10) -> initialDelay0=ACCEPTED
[21:52:52] [Server thread/INFO]: [ShadowHunterRolesPlugin] [command-debug] [sched] ① execute | thread=Server thread | tick=3868 | delta=1 | primaryThread=true
[21:52:52] [Server thread/INFO]: [ShadowHunterRolesPlugin] [command-debug] [sched] ④p port leg | component=autoRecoverEnergy_passive,portFirstSecond=1/11 | expectedByMatrix(0,10)=1/11 | identical=true
[21:52:53] [Server thread/INFO]: [ShadowHunterRolesPlugin] [command-debug] [sched] ④m matrix: per-row tick detail for the 8 declared pairs x 2 paths stays player-side only; the key verdict line follows
[21:52:53] [Server thread/INFO]: [ShadowHunterRolesPlugin] [command-debug] [sched] ④m verdict | matrixAllPairsMatch=true
[21:52:53] [Server thread/INFO]: [ShadowHunterRolesPlugin] [command-debug] [sched] ④(BukkitTask) cancel() -> void | isCancelled() before=false | after=true | no exception = idempotent
[21:52:53] [Server thread/INFO]: [ShadowHunterRolesPlugin] [command-debug] [sched] ④ cancel() #1 -> NEXT_RUNS_CANCELLED | isCancelled()=true | getExecutionState()=CANCELLED_RUNNING
[21:52:53] [Server thread/INFO]: [ShadowHunterRolesPlugin] [command-debug] [sched] ④ cancel() #2 (repeat) -> NEXT_RUNS_CANCELLED_ALREADY | isCancelled()=true | getExecutionState()=CANCELLED_RUNNING | no exception = idempotent
[21:52:53] [Server thread/INFO]: [ShadowHunterRolesPlugin] [command-debug] [sched] ③d adapter Task.cancel() -> void | isCancelledBefore=false,isCancelledAfter=true,isCancelledAfterSecondCancel=true | repeated cancel: no exception = idempotent
[21:52:53] [Server thread/INFO]: [ShadowHunterRolesPlugin] [command-debug] [sched] ⑤ raw | globalThread=Server thread | bukkitThread=Server thread | globalDeltas=1/11/21 (declared 1/10) | bukkitDeltas=1/11/21 (declared 1/10) | globalRunDelayedDelta=20 | bukkitRunTaskLaterDelta=20 (declared 20) | adapterRunLaterDelta=20 | A/B(declared 0/10) rawBukkitFirstThird=1/21 adapterFirstThird=1/21 | globalCancel=cancel1=NEXT_RUNS_CANCELLED,isCancelled1=true,state1=CANCELLED_RUNNING,cancel2=NEXT_RUNS_CANCELLED_ALREADY,isCancelled2=true,state2=CANCELLED_RUNNING | bukkitCancel=isCancelledBefore=false,isCancelledAfter=true | adapterCancel=isCancelledBefore=false,isCancelledAfter=true,isCancelledAfterSecondCancel=true
[21:52:53] [Server thread/INFO]: [ShadowHunterRolesPlugin] [command-debug] [sched] ⑤ verdict | sameThread=true | periodEquivalent=true (global=20 bukkit=20, declared 20) | delayedEquivalent=true | cancelSemanticsOk=true | rawInitialDelayPolicySame=false (global: initialDelay0=REJECTED(IllegalArgumentException: Initial delay ticks may not be <= 0) / bukkit: initialDelay0=ACCEPTED) | clampEquivalent=true | adapterDelayedEquivalent=true | adapterCancelOk=true | matrixEquivalent=true | portLeg=autoRecoverEnergy_passive,portFirstSecond=1/11 | portLegEquivalent=true | CONCLUSION=CAN swap the platform adapter to GlobalRegionScheduler with zero visible difference (raw APIs differ only on initialDelay<=0; the adapter normalises 0 -> 1 and the A/B on the production declaration 0/10 is tick-identical)
[21:52:54] [Server thread/INFO]: [ShadowHunterRolesPlugin] [command-debug] [sched] ④m matrix: per-row tick detail for the 8 declared pairs x 2 paths stays player-side only; the key verdict line follows
[21:52:54] [Server thread/INFO]: [ShadowHunterRolesPlugin] [command-debug] [sched] ④m verdict | matrixAllPairsMatch=true
[21:52:55] [Server thread/INFO]: [ShadowHunterRolesPlugin] [command-debug] [sched] ⑤ raw | globalThread=Server thread | bukkitThread=Server thread | globalDeltas=1/11/21 (declared 1/10) | bukkitDeltas=1/11/21 (declared 1/10) | globalRunDelayedDelta=20 | bukkitRunTaskLaterDelta=20 (declared 20) | adapterRunLaterDelta=20 | A/B(declared 0/10) rawBukkitFirstThird=1/21 adapterFirstThird=1/21 | globalCancel=cancel1=NEXT_RUNS_CANCELLED,isCancelled1=true,state1=CANCELLED_RUNNING,cancel2=NEXT_RUNS_CANCELLED_ALREADY,isCancelled2=true,state2=CANCELLED_RUNNING | bukkitCancel=isCancelledBefore=false,isCancelledAfter=true | adapterCancel=isCancelledBefore=false,isCancelledAfter=true,isCancelledAfterSecondCancel=true
[21:52:55] [Server thread/INFO]: [ShadowHunterRolesPlugin] [command-debug] [sched] ⑤ verdict | sameThread=true | periodEquivalent=true (global=20 bukkit=20, declared 20) | delayedEquivalent=true | cancelSemanticsOk=true | rawInitialDelayPolicySame=false (global: initialDelay0=REJECTED(IllegalArgumentException: Initial delay ticks may not be <= 0) / bukkit: initialDelay0=ACCEPTED) | clampEquivalent=true | adapterDelayedEquivalent=true | adapterCancelOk=true | matrixEquivalent=true | portLeg=autoRecoverEnergy_passive,portFirstSecond=1/11 | portLegEquivalent=true | CONCLUSION=CAN swap the platform adapter to GlobalRegionScheduler with zero visible difference (raw APIs differ only on initialDelay<=0; the adapter normalises 0 -> 1 and the A/B on the production declaration 0/10 is tick-identical)
[21:53:06] [Server thread/INFO]: HueZhandouji issued server command: /role clear
[21:53:08] [Server thread/INFO]: HueZhandouji lost connection: Disconnected
[21:53:08] [Server thread/INFO]: HueZhandouji left the game
[21:53:11] [User Authenticator #1/INFO]: UUID of player probe159935 is ffbd08c7-04c2-31e3-909d-c5a257a5abf3
[21:53:12] [Server thread/INFO]: probe159935 joined the game
[21:53:12] [Server thread/INFO]: probe159935[/127.0.0.1:50063] logged in with entity id 474 at ([world]-695.5, 82.0, 169.5)
[21:53:23] [Server thread/INFO]: probe159935 issued server command: /role debug sched all
[21:53:27] [Server thread/INFO]: probe159935 issued server command: /role debug cooldown status 0
[21:53:29] [Server thread/INFO]: probe159935 issued server command: /role debug cooldown end 0
[21:53:32] [Server thread/INFO]: probe159935 lost connection: Disconnected
[21:53:32] [Server thread/INFO]: probe159935 left the game
[21:54:16] [User Authenticator #2/INFO]: UUID of player HueZhandouji is 40671423-5a96-3097-9199-6fac21782134
[21:54:16] [Server thread/INFO]: HueZhandouji joined the game
[21:54:16] [Server thread/INFO]: HueZhandouji[/127.0.0.1:50123] logged in with entity id 644 at ([world]-688.207652405396, 72.0, 141.6322291472271)
[21:54:18] [Server thread/INFO]: HueZhandouji issued server command: /role set meiqihezi
[21:54:19] [Server thread/INFO]: HueZhandouji issued server command: /role debug cooldown status 1
[21:54:19] [Server thread/INFO]: [ShadowHunterRolesPlugin] [command-debug] [cooldown] meiqihezi_skill_unconcern | cooling=false | remainingTicks=0 | remainingSeconds=0.00 | declaredTicks=100
[21:54:21] [Server thread/INFO]: HueZhandouji issued server command: /role debug cooldown status 1
[21:54:21] [Server thread/INFO]: [ShadowHunterRolesPlugin] [command-debug] [cooldown] meiqihezi_skill_unconcern | cooling=false | remainingTicks=0 | remainingSeconds=0.00 | declaredTicks=100
[21:54:22] [Server thread/INFO]: HueZhandouji issued server command: /role debug cooldown restart 1
[21:54:22] [Server thread/INFO]: [ShadowHunterRolesPlugin] [command-debug] [cooldown] restart(meiqihezi_skill_unconcern) wasCooling=false | no old segment was cooling | newRemainingTicks=100
[21:54:24] [Server thread/INFO]: HueZhandouji issued server command: /role debug cooldown status 1
[21:54:24] [Server thread/INFO]: [ShadowHunterRolesPlugin] [command-debug] [cooldown] meiqihezi_skill_unconcern | cooling=true | remainingTicks=64 | remainingSeconds=3.20 | declaredTicks=100
[21:54:26] [Server thread/INFO]: HueZhandouji issued server command: /role debug cooldown status meiqihezi_skill_unconcern
[21:54:26] [Server thread/INFO]: [ShadowHunterRolesPlugin] [command-debug] [cooldown] meiqihezi_skill_unconcern | cooling=true | remainingTicks=34 | remainingSeconds=1.70 | declaredTicks=100
[21:54:27] [Server thread/INFO]: HueZhandouji issued server command: /role debug cooldown end 1
[21:54:27] [Server thread/INFO]: [ShadowHunterRolesPlugin] [command-debug] [cooldown] end(meiqihezi_skill_unconcern) returned=true | wasCooling=true | ENDED_BY_COMPONENT dispatched (onCooldownEnd)
[21:54:29] [Server thread/INFO]: HueZhandouji issued server command: /role debug cooldown status 1
[21:54:29] [Server thread/INFO]: [ShadowHunterRolesPlugin] [command-debug] [cooldown] meiqihezi_skill_unconcern | cooling=false | remainingTicks=0 | remainingSeconds=0.00 | declaredTicks=100
[21:54:30] [Server thread/INFO]: HueZhandouji issued server command: /role debug cooldown
[21:54:30] [Server thread/INFO]: [ShadowHunterRolesPlugin] [command-debug] Usage: /role debug cooldown <status|end|restart> <slot|componentId>
[21:54:32] [Server thread/INFO]: HueZhandouji issued server command: /role debug cooldown bogus 0
[21:54:32] [Server thread/INFO]: [ShadowHunterRolesPlugin] [command-debug] Usage: /role debug cooldown <status|end|restart> <slot|componentId>
[21:54:33] [Server thread/INFO]: HueZhandouji issued server command: /role debug sched
[21:54:33] [Server thread/INFO]: [ShadowHunterRolesPlugin] [command-debug] [sched] probe start | commandThread=Server thread | commandTick=5901 | primaryThread=true | declared: runDelayed=20t, runAtFixedRate=1/10t, bukkit runTaskTimer=1/10t, boundary=0/10t
[21:54:33] [Server thread/INFO]: [ShadowHunterRolesPlugin] [command-debug] [sched] ② boundary | GlobalRegionScheduler.runAtFixedRate(0,10) -> initialDelay0=REJECTED(IllegalArgumentException: Initial delay ticks may not be <= 0) | Bukkit.getScheduler().runTaskTimer(0,10) -> initialDelay0=ACCEPTED
[21:54:34] [Server thread/INFO]: [ShadowHunterRolesPlugin] [command-debug] [sched] ① execute | thread=Server thread | tick=5902 | delta=1 | primaryThread=true
[21:54:34] [Server thread/INFO]: [ShadowHunterRolesPlugin] [command-debug] [sched] ④p port leg | component=autoRecoverEnergy_passive,portFirstSecond=1/11 | expectedByMatrix(0,10)=1/11 | identical=true
[21:54:35] [Server thread/INFO]: [ShadowHunterRolesPlugin] [command-debug] [sched] ④(BukkitTask) cancel() -> void | isCancelled() before=false | after=true | no exception = idempotent
[21:54:35] [Server thread/INFO]: [ShadowHunterRolesPlugin] [command-debug] [sched] ④ cancel() #1 -> NEXT_RUNS_CANCELLED | isCancelled()=true | getExecutionState()=CANCELLED_RUNNING
[21:54:35] [Server thread/INFO]: [ShadowHunterRolesPlugin] [command-debug] [sched] ④ cancel() #2 (repeat) -> NEXT_RUNS_CANCELLED_ALREADY | isCancelled()=true | getExecutionState()=CANCELLED_RUNNING | no exception = idempotent
[21:54:35] [Server thread/INFO]: [ShadowHunterRolesPlugin] [command-debug] [sched] ③d adapter Task.cancel() -> void | isCancelledBefore=false,isCancelledAfter=true,isCancelledAfterSecondCancel=true | repeated cancel: no exception = idempotent
[21:54:35] [Server thread/INFO]: HueZhandouji issued server command: /role debug sched all
[21:54:35] [Server thread/INFO]: [ShadowHunterRolesPlugin] [command-debug] [sched] probe start | commandThread=Server thread | commandTick=5931 | primaryThread=true | declared: runDelayed=20t, runAtFixedRate=1/10t, bukkit runTaskTimer=1/10t, boundary=0/10t
[21:54:35] [Server thread/INFO]: [ShadowHunterRolesPlugin] [command-debug] [sched] ② boundary | GlobalRegionScheduler.runAtFixedRate(0,10) -> initialDelay0=REJECTED(IllegalArgumentException: Initial delay ticks may not be <= 0) | Bukkit.getScheduler().runTaskTimer(0,10) -> initialDelay0=ACCEPTED
[21:54:35] [Server thread/INFO]: [ShadowHunterRolesPlugin] [command-debug] [sched] ① execute | thread=Server thread | tick=5932 | delta=1 | primaryThread=true
[21:54:36] [Server thread/INFO]: [ShadowHunterRolesPlugin] [command-debug] [sched] ④p port leg | component=autoRecoverEnergy_passive,portFirstSecond=1/11 | expectedByMatrix(0,10)=1/11 | identical=true
[21:54:36] [Server thread/INFO]: [ShadowHunterRolesPlugin] [command-debug] [sched] ④m matrix: per-row tick detail for the 8 declared pairs x 2 paths stays player-side only; the key verdict line follows
[21:54:36] [Server thread/INFO]: [ShadowHunterRolesPlugin] [command-debug] [sched] ④m verdict | matrixAllPairsMatch=true
[21:54:36] [Server thread/INFO]: [ShadowHunterRolesPlugin] [command-debug] [sched] ④(BukkitTask) cancel() -> void | isCancelled() before=false | after=true | no exception = idempotent
[21:54:36] [Server thread/INFO]: [ShadowHunterRolesPlugin] [command-debug] [sched] ④ cancel() #1 -> NEXT_RUNS_CANCELLED | isCancelled()=true | getExecutionState()=CANCELLED_RUNNING
[21:54:36] [Server thread/INFO]: [ShadowHunterRolesPlugin] [command-debug] [sched] ④ cancel() #2 (repeat) -> NEXT_RUNS_CANCELLED_ALREADY | isCancelled()=true | getExecutionState()=CANCELLED_RUNNING | no exception = idempotent
[21:54:36] [Server thread/INFO]: [ShadowHunterRolesPlugin] [command-debug] [sched] ③d adapter Task.cancel() -> void | isCancelledBefore=false,isCancelledAfter=true,isCancelledAfterSecondCancel=true | repeated cancel: no exception = idempotent
[21:54:36] [Server thread/INFO]: [ShadowHunterRolesPlugin] [command-debug] [sched] ⑤ raw | globalThread=Server thread | bukkitThread=Server thread | globalDeltas=1/11/21 (declared 1/10) | bukkitDeltas=1/11/21 (declared 1/10) | globalRunDelayedDelta=20 | bukkitRunTaskLaterDelta=20 (declared 20) | adapterRunLaterDelta=20 | A/B(declared 0/10) rawBukkitFirstThird=1/21 adapterFirstThird=1/21 | globalCancel=cancel1=NEXT_RUNS_CANCELLED,isCancelled1=true,state1=CANCELLED_RUNNING,cancel2=NEXT_RUNS_CANCELLED_ALREADY,isCancelled2=true,state2=CANCELLED_RUNNING | bukkitCancel=isCancelledBefore=false,isCancelledAfter=true | adapterCancel=isCancelledBefore=false,isCancelledAfter=true,isCancelledAfterSecondCancel=true
[21:54:36] [Server thread/INFO]: [ShadowHunterRolesPlugin] [command-debug] [sched] ⑤ verdict | sameThread=true | periodEquivalent=true (global=20 bukkit=20, declared 20) | delayedEquivalent=true | cancelSemanticsOk=true | rawInitialDelayPolicySame=false (global: initialDelay0=REJECTED(IllegalArgumentException: Initial delay ticks may not be <= 0) / bukkit: initialDelay0=ACCEPTED) | clampEquivalent=true | adapterDelayedEquivalent=true | adapterCancelOk=true | matrixEquivalent=true | portLeg=autoRecoverEnergy_passive,portFirstSecond=1/11 | portLegEquivalent=true | CONCLUSION=CAN swap the platform adapter to GlobalRegionScheduler with zero visible difference (raw APIs differ only on initialDelay<=0; the adapter normalises 0 -> 1 and the A/B on the production declaration 0/10 is tick-identical)
[21:54:37] [Server thread/INFO]: [ShadowHunterRolesPlugin] [command-debug] [sched] ④m matrix: per-row tick detail for the 8 declared pairs x 2 paths stays player-side only; the key verdict line follows
[21:54:37] [Server thread/INFO]: [ShadowHunterRolesPlugin] [command-debug] [sched] ④m verdict | matrixAllPairsMatch=true
[21:54:38] [Server thread/INFO]: [ShadowHunterRolesPlugin] [command-debug] [sched] ⑤ raw | globalThread=Server thread | bukkitThread=Server thread | globalDeltas=1/11/21 (declared 1/10) | bukkitDeltas=1/11/21 (declared 1/10) | globalRunDelayedDelta=20 | bukkitRunTaskLaterDelta=20 (declared 20) | adapterRunLaterDelta=20 | A/B(declared 0/10) rawBukkitFirstThird=1/21 adapterFirstThird=1/21 | globalCancel=cancel1=NEXT_RUNS_CANCELLED,isCancelled1=true,state1=CANCELLED_RUNNING,cancel2=NEXT_RUNS_CANCELLED_ALREADY,isCancelled2=true,state2=CANCELLED_RUNNING | bukkitCancel=isCancelledBefore=false,isCancelledAfter=true | adapterCancel=isCancelledBefore=false,isCancelledAfter=true,isCancelledAfterSecondCancel=true
[21:54:38] [Server thread/INFO]: [ShadowHunterRolesPlugin] [command-debug] [sched] ⑤ verdict | sameThread=true | periodEquivalent=true (global=20 bukkit=20, declared 20) | delayedEquivalent=true | cancelSemanticsOk=true | rawInitialDelayPolicySame=false (global: initialDelay0=REJECTED(IllegalArgumentException: Initial delay ticks may not be <= 0) / bukkit: initialDelay0=ACCEPTED) | clampEquivalent=true | adapterDelayedEquivalent=true | adapterCancelOk=true | matrixEquivalent=true | portLeg=autoRecoverEnergy_passive,portFirstSecond=1/11 | portLegEquivalent=true | CONCLUSION=CAN swap the platform adapter to GlobalRegionScheduler with zero visible difference (raw APIs differ only on initialDelay<=0; the adapter normalises 0 -> 1 and the A/B on the production declaration 0/10 is tick-identical)
[21:54:49] [Server thread/INFO]: HueZhandouji issued server command: /role clear
[21:54:51] [Server thread/INFO]: HueZhandouji lost connection: Disconnected
[21:54:51] [Server thread/INFO]: HueZhandouji left the game
[21:54:55] [User Authenticator #2/INFO]: UUID of player probe715922 is 919b6d92-087c-3bf4-9fba-5af1ef43c5b9
[21:54:55] [Server thread/INFO]: probe715922 joined the game
[21:54:55] [Server thread/INFO]: probe715922[/127.0.0.1:50153] logged in with entity id 757 at ([world]-707.5, 72.0, 156.5)
[21:55:06] [Server thread/INFO]: probe715922 issued server command: /role debug sched all
[21:55:10] [Server thread/INFO]: probe715922 issued server command: /role debug cooldown status 0
[21:55:12] [Server thread/INFO]: probe715922 issued server command: /role debug cooldown end 0
[21:55:15] [Server thread/INFO]: probe715922 lost connection: Disconnected
[21:55:15] [Server thread/INFO]: probe715922 left the game
