[20:16:33] [ServerMain/INFO]: [bootstrap] Running Java 21 (Java HotSpot(TM) 64-Bit Server VM 21.0.8+12-LTS-250; Oracle Corporation null) on Windows 11 10.0 (amd64)
[20:16:33] [ServerMain/INFO]: [bootstrap] Loading Paper 1.21.11-132-ver/1.21.11@c5eb079 (2026-05-11T11:43:09Z) for Minecraft 1.21.11
[20:16:33] [ServerMain/WARN]: [oshi.util.platform.windows.WmiQueryHandler] COM exception querying Win32_Processor, which might not be on your system. Will not attempt to query it again. Error was -2147217405: (HRESULT: 80041003)
[20:16:33] [ServerMain/WARN]: [oshi.util.platform.windows.WmiQueryHandler] COM exception querying Win32_Processor, which might not be on your system. Will not attempt to query it again. Error was -2147217405: (HRESULT: 80041003)
[20:16:33] [ServerMain/WARN]: [oshi.util.platform.windows.WmiQueryHandler] COM exception querying Win32_PhysicalMemory, which might not be on your system. Will not attempt to query it again. Error was -2147217405: (HRESULT: 80041003)
[20:16:33] [ServerMain/INFO]: [PluginInitializerManager] Initializing plugins...
[20:16:33] [Paper Plugin Remapper Thread - 2/INFO]: [PluginRemapper] Remapping plugin 'plugins\t25probe.jar'...
[20:16:34] [Paper Plugin Remapper Thread - 2/INFO]: [PluginRemapper] Done remapping plugin 'plugins\t25probe.jar' in 243ms.
[20:16:34] [ServerMain/INFO]: [PluginInitializerManager] Initialized 2 plugins
[20:16:34] [ServerMain/INFO]: [PluginInitializerManager] Bukkit plugins (2):
 - ShadowHunterRolesPlugin (1.0.0), T25Probe (1.0.0)
[20:16:38] [ServerMain/INFO]: Environment: Environment[sessionHost=https://sessionserver.mojang.com, servicesHost=https://api.minecraftservices.com, profilesHost=https://api.mojang.com, name=PROD]
[20:16:40] [ServerMain/INFO]: Loaded 1470 recipes
[20:16:40] [ServerMain/INFO]: Loaded 1584 advancements
[20:16:40] [ServerMain/INFO]: [ca.spottedleaf.dataconverter.minecraft.datatypes.MCTypeRegistry] Initialising converters for DataConverter...
[20:16:40] [ServerMain/INFO]: [ca.spottedleaf.dataconverter.minecraft.datatypes.MCTypeRegistry] Finished initialising converters for DataConverter in 316.7ms
[20:16:40] [Server thread/INFO]: Starting minecraft server version 1.21.11
[20:16:40] [Server thread/INFO]: Loading properties
[20:16:40] [Server thread/INFO]: This server is running Paper version 1.21.11-132-ver/1.21.11@c5eb079 (2026-05-11T11:43:09Z) (Implementing API version 1.21.11-R0.1-SNAPSHOT)
[20:16:40] [Server thread/INFO]: [spark] This server bundles the spark profiler. For more information please visit https://docs.papermc.io/paper/profiling
[20:16:40] [Server thread/INFO]: Server Ping Player Sample Count: 12
[20:16:40] [Server thread/INFO]: Using 4 threads for Netty based IO
[20:16:41] [Server thread/INFO]: [MoonriseCommon] Paper is using 8 worker threads, 1 I/O threads
[20:16:41] [Server thread/INFO]: Default game type: CREATIVE
[20:16:41] [Server thread/INFO]: Generating keypair
[20:16:41] [Server thread/INFO]: Starting Minecraft server on *:25566
[20:16:41] [Server thread/INFO]: Paper: Using Java compression from Velocity.
[20:16:41] [Server thread/INFO]: Paper: Using Java cipher from Velocity.
[20:16:41] [Server thread/INFO]: [SpigotLibraryLoader] [ShadowHunterRolesPlugin] Loading 0 libraries... please wait
[20:16:41] [Server thread/INFO]: [ShadowHunterRolesPlugin] Loading server plugin ShadowHunterRolesPlugin v1.0.0
[20:16:41] [Server thread/INFO]: [T25Probe] Loading server plugin T25Probe v1.0.0
[20:16:41] [Server thread/INFO]: Server permissions file permissions.yml is empty, ignoring it
[20:16:41] [Server thread/WARN]: **** SERVER IS RUNNING IN OFFLINE/INSECURE MODE!
[20:16:41] [Server thread/WARN]: The server will make no attempt to authenticate usernames. Beware.
[20:16:41] [Server thread/WARN]: While this makes the game possible to play without internet access, it also opens up the ability for hackers to connect with any username they choose.
[20:16:41] [Server thread/WARN]: To change this, set "online-mode" to "true" in the server.properties file.
[20:16:41] [Server thread/INFO]: Preparing level "world"
[20:16:42] [Server thread/INFO]: Loading 0 persistent chunks for world 'minecraft:overworld'...
[20:16:42] [Server thread/INFO]: Preparing spawn area: 100%
[20:16:42] [Server thread/INFO]: Prepared spawn area in 5 ms
[20:16:42] [Server thread/INFO]: Loading 0 persistent chunks for world 'minecraft:the_nether'...
[20:16:42] [Server thread/INFO]: Prepared spawn area in 13 ms
[20:16:42] [Server thread/INFO]: Loading 0 persistent chunks for world 'minecraft:the_end'...
[20:16:42] [Server thread/INFO]: Prepared spawn area in 15 ms
[20:16:42] [Server thread/INFO]: Done preparing level "world" (0.499s)
[20:16:42] [Server thread/INFO]: [ShadowHunterRolesPlugin] Enabling ShadowHunterRolesPlugin v1.0.0
[20:16:42] [Server thread/INFO]: [ShadowHunterRolesPlugin] ShadowHunter Character System enabled.
[20:16:42] [Server thread/INFO]: [T25Probe] Enabling T25Probe v1.0.0
[20:16:42] [Server thread/INFO]: [T25Probe] [t25] probe enabled; output=C:\Users\ROG\Desktop\插件\ShadowHunterRoles\debug-logs\测试记录\阶段6-C11派发序运行级-复跑-转录.txt
[20:16:42] [Server thread/INFO]: [spark] Starting background profiler...
[20:16:42] [Server thread/INFO]: [spark] The async-profiler engine is not supported for your os/arch (windows11/amd64), so the built-in Java engine will be used instead.
[20:16:42] [Server thread/INFO]: Running delayed init tasks
[20:16:42] [Server thread/INFO]: [T25Probe] [t25] tick=1 | ev=API_RESOLVED class=com.shadowHunterRolesPlugin.internal.api.RoleAPIImpl | registration-plugin=ShadowHunterRolesPlugin | priority=Normal
[20:16:42] [Server thread/INFO]: Done (9.767s)! For help, type "help"
[20:16:43] [Paper Async Task Handler Thread - 1/WARN]: *************************************************************************************
[20:16:43] [Paper Async Task Handler Thread - 1/WARN]: You are running the latest build for your Minecraft version (1.21.11)
[20:16:43] [Paper Async Task Handler Thread - 1/WARN]: However, you are 4 release(s) behind the latest stable release (26.2)!
[20:16:43] [Paper Async Task Handler Thread - 1/WARN]: It is recommended that you update as soon as possible
[20:16:43] [Paper Async Task Handler Thread - 1/WARN]: https://papermc.io/downloads/paper
[20:16:43] [Paper Async Task Handler Thread - 1/WARN]: *************************************************************************************
[20:18:20] [User Authenticator #0/INFO]: UUID of player HueZhandouji is 40671423-5a96-3097-9199-6fac21782134
[20:18:21] [Server thread/INFO]: HueZhandouji joined the game
[20:18:21] [Server thread/INFO]: HueZhandouji[/127.0.0.1:57907] logged in with entity id 83 at ([world]-688.207652405396, 72.0, 141.6322291472271)
[20:18:22] [User Authenticator #0/INFO]: UUID of player T21Victim is 834c6c8c-9e17-32c1-855d-5d3712c1f74b
[20:18:22] [Server thread/INFO]: T21Victim joined the game
[20:18:22] [Server thread/INFO]: T21Victim[/127.0.0.1:57908] logged in with entity id 139 at ([world]-688.207652405396, 72.0, 141.6322291472271)
[20:18:22] [Server thread/INFO]: [T25Probe] [t25] tick=2001 | ev=MAX_SANTE=-78
[20:18:22] [Server thread/INFO]: [T25Probe] [t25] tick=2001 | ev=SET_ROLE ok=true | heldSlot=3 | victimGM=SURVIVAL | 意图：把 RedBleedPassive 的 20 tick 节拍相位钉在这一 tick
[20:18:23] [Server thread/INFO]: [T25Probe] [t25] tick=2002 | ev=MAX_SANTE=100
[20:18:23] [Server thread/INFO]: [T25Probe] [t25] tick=2002 | ev=ATTACK n=1 | heldAtAttack=0（t25 修法①） | 意图：写入受害者的流血层（每层每秒结算一次 ⇒ 红 +4 SanTE）
[20:18:23] [Server thread/INFO]: [T25Probe] [t25] tick=2012 | ev=ATTACK n=2 | heldAtAttack=0（t25 修法①） | 意图：写入受害者的流血层（每层每秒结算一次 ⇒ 红 +4 SanTE）
[20:18:23] [Server thread/INFO]: [T25Probe] [t25] tick=2020 | ev=EVT_SANTE seq=1 tick=2019 | pre=100 | now=100 | delta=0 | max=100 | zero=false
[20:18:23] [Server thread/INFO]: [T25Probe] [t25] tick=2022 | ev=ATTACK n=3 | heldAtAttack=0（t25 修法①） | 意图：写入受害者的流血层（每层每秒结算一次 ⇒ 红 +4 SanTE）
[20:18:24] [Server thread/INFO]: [T25Probe] [t25] tick=2040 | ev=EVT_SANTE seq=2 tick=2039 | pre=100 | now=100 | delta=0 | max=100 | zero=false
[20:18:25] [Server thread/INFO]: [T25Probe] [t25] tick=2052 | ev=STATE->LEARN_BLEED（等首个 +4 以钉相位）
[20:18:25] [Server thread/INFO]: [T25Probe] [t25] tick=2060 | ev=EVT_SANTE seq=3 tick=2059 | pre=100 | now=100 | delta=0 | max=100 | zero=false
[20:18:26] [Server thread/INFO]: [T25Probe] [t25] tick=2080 | ev=EVT_SANTE seq=4 tick=2079 | pre=100 | now=100 | delta=0 | max=100 | zero=false
[20:18:27] [Server thread/INFO]: [T25Probe] [t25] tick=2100 | ev=EVT_SANTE seq=5 tick=2099 | pre=100 | now=100 | delta=0 | max=100 | zero=false
[20:18:28] [Server thread/INFO]: [T25Probe] [t25] tick=2120 | ev=EVT_SANTE seq=6 tick=2119 | pre=100 | now=100 | delta=0 | max=100 | zero=false
[20:18:29] [Server thread/INFO]: [T25Probe] [t25] tick=2140 | ev=EVT_SANTE seq=7 tick=2139 | pre=100 | now=100 | delta=0 | max=100 | zero=false
[20:18:30] [Server thread/INFO]: [T25Probe] [t25] tick=2160 | ev=EVT_SANTE seq=8 tick=2159 | pre=100 | now=100 | delta=0 | max=100 | zero=false
[20:18:31] [Server thread/INFO]: [T25Probe] [t25] tick=2180 | ev=EVT_SANTE seq=9 tick=2179 | pre=100 | now=100 | delta=0 | max=100 | zero=false
[20:18:32] [Server thread/INFO]: [T25Probe] [t25] tick=2200 | ev=EVT_SANTE seq=10 tick=2199 | pre=100 | now=100 | delta=0 | max=100 | zero=false
[20:18:33] [Server thread/INFO]: [T25Probe] [t25] tick=2220 | ev=EVT_SANTE seq=11 tick=2219 | pre=100 | now=100 | delta=0 | max=100 | zero=false
[20:18:34] [Server thread/INFO]: [T25Probe] [t25] tick=2240 | ev=EVT_SANTE seq=12 tick=2239 | pre=100 | now=100 | delta=0 | max=100 | zero=false
[20:18:35] [Server thread/INFO]: [T25Probe] [t25] tick=2260 | ev=EVT_SANTE seq=13 tick=2259 | pre=100 | now=100 | delta=0 | max=100 | zero=false
[20:18:36] [Server thread/INFO]: [T25Probe] [t25] tick=2280 | ev=EVT_SANTE seq=14 tick=2279 | pre=100 | now=100 | delta=0 | max=100 | zero=false
[20:18:37] [Server thread/INFO]: [T25Probe] [t25] tick=2300 | ev=EVT_SANTE seq=15 tick=2299 | pre=100 | now=100 | delta=0 | max=100 | zero=false
[20:18:38] [Server thread/INFO]: [T25Probe] [t25] tick=2320 | ev=EVT_SANTE seq=16 tick=2319 | pre=100 | now=100 | delta=0 | max=100 | zero=false
[20:18:53] [Server thread/INFO]: HueZhandouji lost connection: Disconnected
[20:18:53] [Server thread/INFO]: HueZhandouji left the game
[20:18:53] [Server thread/INFO]: T21Victim was kicked due to keepalive timeout!
[20:18:53] [Server thread/INFO]: T21Victim lost connection: Timed out
[20:18:53] [Server thread/INFO]: T21Victim left the game
[20:19:23] [Netty NIO IO #2/WARN]: Failed to deliver packet, sending fallback clientbound/minecraft:system_chat
io.netty.channel.StacklessClosedChannelException
	at io.netty.channel.AbstractChannel.close(ChannelPromise)(Unknown Source) ~[netty-transport-4.2.7.Final.jar:4.2.7.Final]
[20:23:02] [User Authenticator #1/INFO]: UUID of player HueZhandouji is 40671423-5a96-3097-9199-6fac21782134
[20:23:02] [Server thread/INFO]: HueZhandouji joined the game
[20:23:02] [Server thread/INFO]: HueZhandouji[/127.0.0.1:51077] logged in with entity id 265 at ([world]-688.207652405396, 72.0, 141.6322291472271)
[20:23:04] [User Authenticator #1/INFO]: UUID of player T21Victim is 834c6c8c-9e17-32c1-855d-5d3712c1f74b
[20:23:04] [Server thread/INFO]: T21Victim joined the game
[20:23:04] [Server thread/INFO]: T21Victim[/127.0.0.1:64266] logged in with entity id 335 at ([world]-688.207652405396, 72.0, 141.6322291472271)
[20:23:04] [Server thread/INFO]: [T25Probe] [t25] tick=7633 | ev=SENTINEL_FIX n=1 | sante=-78 ⇒ 重发 /role set red ok=true | -78 标 invalid
[20:23:06] [Server thread/INFO]: HueZhandouji issued server command: /gamemode survival T21Victim
[20:23:06] [Server thread/INFO]: HueZhandouji issued server command: /role set red
[20:23:09] [Server thread/INFO]: [T25Probe] [t25] tick=7741 | ev=EVT_SANTE seq=17 tick=7740 | pre=100 | now=100 | delta=0 | max=100 | zero=false
[20:23:10] [Server thread/INFO]: [T25Probe] [t25] tick=7761 | ev=EVT_SANTE seq=18 tick=7760 | pre=100 | now=100 | delta=0 | max=100 | zero=false
[20:23:11] [Server thread/INFO]: [T25Probe] [t25] tick=7781 | ev=EVT_SANTE seq=19 tick=7780 | pre=100 | now=100 | delta=0 | max=100 | zero=false
[20:23:12] [Server thread/INFO]: [T25Probe] [t25] tick=7801 | ev=EVT_SANTE seq=20 tick=7800 | pre=100 | now=100 | delta=0 | max=100 | zero=false
[20:23:13] [Server thread/INFO]: [T25Probe] [t25] tick=7821 | ev=EVT_SANTE seq=21 tick=7820 | pre=100 | now=100 | delta=0 | max=100 | zero=false
[20:23:14] [Server thread/INFO]: [T25Probe] [t25] tick=7841 | ev=EVT_SANTE seq=22 tick=7840 | pre=100 | now=100 | delta=0 | max=100 | zero=false
[20:23:15] [Server thread/INFO]: [T25Probe] [t25] tick=7861 | ev=EVT_SANTE seq=23 tick=7860 | pre=100 | now=100 | delta=0 | max=100 | zero=false
[20:23:16] [Server thread/INFO]: [T25Probe] [t25] tick=7881 | ev=EVT_SANTE seq=24 tick=7880 | pre=100 | now=100 | delta=0 | max=100 | zero=false
[20:23:17] [Server thread/INFO]: [T25Probe] [t25] tick=7901 | ev=EVT_SANTE seq=25 tick=7900 | pre=100 | now=100 | delta=0 | max=100 | zero=false
[20:23:18] [Server thread/INFO]: [T25Probe] [t25] tick=7921 | ev=EVT_SANTE seq=26 tick=7920 | pre=100 | now=100 | delta=0 | max=100 | zero=false
[20:23:19] [Server thread/INFO]: [T25Probe] [t25] tick=7941 | ev=EVT_SANTE seq=27 tick=7940 | pre=100 | now=100 | delta=0 | max=100 | zero=false
[20:23:20] [Server thread/INFO]: [T25Probe] [t25] tick=7961 | ev=EVT_SANTE seq=28 tick=7960 | pre=100 | now=100 | delta=0 | max=100 | zero=false
[20:23:21] [Server thread/INFO]: [T25Probe] [t25] tick=7981 | ev=EVT_SANTE seq=29 tick=7980 | pre=100 | now=100 | delta=0 | max=100 | zero=false
[20:23:22] [Server thread/INFO]: [T25Probe] [t25] tick=8001 | ev=EVT_SANTE seq=30 tick=8000 | pre=100 | now=100 | delta=0 | max=100 | zero=false
[20:23:23] [Server thread/INFO]: [T25Probe] [t25] tick=8021 | ev=EVT_SANTE seq=31 tick=8020 | pre=100 | now=100 | delta=0 | max=100 | zero=false
[20:23:24] [Server thread/INFO]: [T25Probe] [t25] tick=8041 | ev=EVT_SANTE seq=32 tick=8040 | pre=100 | now=100 | delta=0 | max=100 | zero=false
[20:23:25] [Server thread/INFO]: [T25Probe] [t25] tick=8061 | ev=EVT_SANTE seq=33 tick=8060 | pre=100 | now=100 | delta=0 | max=100 | zero=false
[20:23:26] [Server thread/INFO]: [T25Probe] [t25] tick=8081 | ev=EVT_SANTE seq=34 tick=8080 | pre=100 | now=100 | delta=0 | max=100 | zero=false
[20:23:39] [Server thread/INFO]: T21Victim lost connection: Disconnected
[20:23:39] [Server thread/INFO]: T21Victim left the game
[20:23:39] [Netty NIO IO #3/WARN]: Failed to deliver packet, sending fallback clientbound/minecraft:system_chat
io.netty.channel.StacklessClosedChannelException
	at io.netty.channel.AbstractChannel.close(ChannelPromise)(Unknown Source) ~[netty-transport-4.2.7.Final.jar:4.2.7.Final]
[20:23:39] [Server thread/INFO]: HueZhandouji lost connection: Disconnected
[20:23:39] [Server thread/INFO]: HueZhandouji left the game
