[15:19:16] [ServerMain/INFO]: [bootstrap] Running Java 21 (Java HotSpot(TM) 64-Bit Server VM 21.0.8+12-LTS-250; Oracle Corporation null) on Windows 11 10.0 (amd64)
[15:19:16] [ServerMain/INFO]: [bootstrap] Loading Paper 1.21.11-132-ver/1.21.11@c5eb079 (2026-05-11T11:43:09Z) for Minecraft 1.21.11
[15:19:17] [ServerMain/INFO]: [PluginInitializerManager] Initializing plugins...
[15:19:17] [Paper Plugin Remapper Thread - 1/INFO]: [PluginRemapper] Remapping plugin 'C:\Users\ROG\Desktop\插件\ShadowHunterRoles\build\libs\ShadowHunterRolesPlugin-1.0.0.jar'...
[15:19:17] [Paper Plugin Remapper Thread - 1/INFO]: [PluginRemapper] Done remapping plugin 'C:\Users\ROG\Desktop\插件\ShadowHunterRoles\build\libs\ShadowHunterRolesPlugin-1.0.0.jar' in 167ms.
[15:19:18] [ServerMain/INFO]: [PluginInitializerManager] Initialized 2 plugins
[15:19:18] [ServerMain/INFO]: [PluginInitializerManager] Paper plugins (1):
 - TempBleedTest (1.0)
[15:19:18] [ServerMain/INFO]: [PluginInitializerManager] Bukkit plugins (1):
 - ShadowHunterRolesPlugin (1.0.0)
[15:19:22] [ServerMain/INFO]: Environment: Environment[sessionHost=https://sessionserver.mojang.com, servicesHost=https://api.minecraftservices.com, profilesHost=https://api.mojang.com, name=PROD]
[15:19:23] [ServerMain/INFO]: Loaded 1470 recipes
[15:19:23] [ServerMain/INFO]: Loaded 1584 advancements
[15:19:24] [ServerMain/INFO]: [ca.spottedleaf.dataconverter.minecraft.datatypes.MCTypeRegistry] Initialising converters for DataConverter...
[15:19:24] [ServerMain/INFO]: [ca.spottedleaf.dataconverter.minecraft.datatypes.MCTypeRegistry] Finished initialising converters for DataConverter in 280.4ms
[15:19:24] [Server thread/INFO]: Starting minecraft server version 1.21.11
[15:19:24] [Server thread/INFO]: Loading properties
[15:19:24] [Server thread/INFO]: This server is running Paper version 1.21.11-132-ver/1.21.11@c5eb079 (2026-05-11T11:43:09Z) (Implementing API version 1.21.11-R0.1-SNAPSHOT)
[15:19:24] [Server thread/INFO]: [spark] This server bundles the spark profiler. For more information please visit https://docs.papermc.io/paper/profiling
[15:19:24] [Server thread/INFO]: Server Ping Player Sample Count: 12
[15:19:24] [Server thread/INFO]: Using 4 threads for Netty based IO
[15:19:24] [Server thread/INFO]: [MoonriseCommon] Paper is using 8 worker threads, 1 I/O threads
[15:19:24] [Server thread/INFO]: Default game type: CREATIVE
[15:19:24] [Server thread/INFO]: Generating keypair
[15:19:24] [Server thread/INFO]: Starting Minecraft server on *:25566
[15:19:25] [Server thread/INFO]: Paper: Using Java compression from Velocity.
[15:19:25] [Server thread/INFO]: Paper: Using Java cipher from Velocity.
[15:19:25] [Server thread/INFO]: [SpigotLibraryLoader] [ShadowHunterRolesPlugin] Loading 0 libraries... please wait
[15:19:25] [Server thread/INFO]: [TempBleedTest] Loading server plugin TempBleedTest v1.0
[15:19:25] [Server thread/INFO]: [ShadowHunterRolesPlugin] Loading server plugin ShadowHunterRolesPlugin v1.0.0
[15:19:25] [Server thread/INFO]: Server permissions file permissions.yml is empty, ignoring it
[15:19:25] [Server thread/WARN]: **** SERVER IS RUNNING IN OFFLINE/INSECURE MODE!
[15:19:25] [Server thread/WARN]: The server will make no attempt to authenticate usernames. Beware.
[15:19:25] [Server thread/WARN]: While this makes the game possible to play without internet access, it also opens up the ability for hackers to connect with any username they choose.
[15:19:25] [Server thread/WARN]: To change this, set "online-mode" to "true" in the server.properties file.
[15:19:25] [Server thread/INFO]: Preparing level "world"
[15:19:25] [Server thread/INFO]: Loading 0 persistent chunks for world 'minecraft:overworld'...
[15:19:25] [Server thread/INFO]: Preparing spawn area: 100%
[15:19:25] [Server thread/INFO]: Prepared spawn area in 6 ms
[15:19:25] [Server thread/INFO]: Loading 0 persistent chunks for world 'minecraft:the_nether'...
[15:19:25] [Server thread/INFO]: Prepared spawn area in 14 ms
[15:19:25] [Server thread/INFO]: Loading 0 persistent chunks for world 'minecraft:the_end'...
[15:19:25] [Server thread/INFO]: Prepared spawn area in 16 ms
[15:19:25] [Server thread/INFO]: Done preparing level "world" (0.466s)
[15:19:25] [Server thread/INFO]: [TempBleedTest] Enabling TempBleedTest v1.0
[15:19:25] [Server thread/INFO]: [TempBleedTest] TempBleedTest enabled.
[15:19:25] [Server thread/INFO]: [ShadowHunterRolesPlugin] Enabling ShadowHunterRolesPlugin v1.0.0
[15:19:25] [Server thread/INFO]: [ShadowHunterRolesPlugin] ShadowHunter Character System enabled.
[15:19:25] [Server thread/INFO]: [spark] Starting background profiler...
[15:19:25] [Server thread/INFO]: [spark] The async-profiler engine is not supported for your os/arch (windows11/amd64), so the built-in Java engine will be used instead.
[15:19:25] [Server thread/INFO]: Running delayed init tasks
[15:19:25] [Server thread/INFO]: Done (9.450s)! For help, type "help"
[15:19:27] [Paper Async Task Handler Thread - 1/WARN]: *************************************************************************************
[15:19:27] [Paper Async Task Handler Thread - 1/WARN]: You are running the latest build for your Minecraft version (1.21.11)
[15:19:27] [Paper Async Task Handler Thread - 1/WARN]: However, you are 4 release(s) behind the latest stable release (26.2)!
[15:19:27] [Paper Async Task Handler Thread - 1/WARN]: It is recommended that you update as soon as possible
[15:19:27] [Paper Async Task Handler Thread - 1/WARN]: https://papermc.io/downloads/paper
[15:19:27] [Paper Async Task Handler Thread - 1/WARN]: *************************************************************************************
[15:19:28] [User Authenticator #0/INFO]: UUID of player RedBotA is 21bdc44e-d9c4-3962-9226-27c9c5085f15
[15:19:29] [Server thread/WARN]: [ca.spottedleaf.moonrise.patches.chunk_system.level.entity.EntityLookup] Entity uuid already exists: 944316cd-ee1f-4252-930d-649a7fc6022e, mapped to Bat['Bat'/2, uuid='944316cd-ee1f-4252-930d-649a7fc6022e', l='ServerLevel[world]', x=-723.81, y=13.40, z=139.36, cpos=[-46, 8], tl=0, v=false], can't add Bat['Bat'/16, uuid='944316cd-ee1f-4252-930d-649a7fc6022e', l='ServerLevel[world]', x=-718.03, y=10.87, z=142.17, cpos=[-45, 8], tl=0, v=false]
[15:19:29] [Server thread/WARN]: [ca.spottedleaf.moonrise.patches.chunk_system.level.entity.EntityLookup] Entity uuid already exists: 6eff1496-9e61-4658-8d5b-d8f1a492f541, mapped to Bat['Bat'/4, uuid='6eff1496-9e61-4658-8d5b-d8f1a492f541', l='ServerLevel[world]', x=-720.77, y=11.29, z=138.69, cpos=[-46, 8], tl=0, v=false], can't add Bat['Bat'/24, uuid='6eff1496-9e61-4658-8d5b-d8f1a492f541', l='ServerLevel[world]', x=-712.14, y=15.71, z=144.45, cpos=[-45, 9], tl=0, v=false]
[15:19:29] [Server thread/WARN]: [ca.spottedleaf.moonrise.patches.chunk_system.level.entity.EntityLookup] Entity uuid already exists: c38db153-beff-4d32-8288-416ee27fbb75, mapped to Bat['Bat'/3, uuid='c38db153-beff-4d32-8288-416ee27fbb75', l='ServerLevel[world]', x=-726.36, y=13.34, z=136.09, cpos=[-46, 8], tl=0, v=false], can't add Bat['Bat'/25, uuid='c38db153-beff-4d32-8288-416ee27fbb75', l='ServerLevel[world]', x=-710.30, y=11.60, z=144.68, cpos=[-45, 9], tl=0, v=false]
[15:19:29] [Server thread/WARN]: [ca.spottedleaf.moonrise.patches.chunk_system.level.entity.EntityLookup] Entity uuid already exists: 57a7a1eb-803a-468c-b62f-ca0a27d83e99, mapped to Nautilus['Nautilus'/70, uuid='57a7a1eb-803a-468c-b62f-ca0a27d83e99', l='ServerLevel[world]', x=-662.30, y=57.78, z=139.86, cpos=[-42, 8], tl=0, v=false], can't add Nautilus['Nautilus'/80, uuid='57a7a1eb-803a-468c-b62f-ca0a27d83e99', l='ServerLevel[world]', x=-668.51, y=56.00, z=146.54, cpos=[-42, 9], tl=0, v=false]
[15:19:29] [Server thread/WARN]: [ca.spottedleaf.moonrise.patches.chunk_system.level.entity.EntityLookup] Entity uuid already exists: 14d4e4d6-4a55-4f80-acba-28e0db74877c, mapped to Creeper['Creeper'/79, uuid='14d4e4d6-4a55-4f80-acba-28e0db74877c', l='ServerLevel[world]', x=-659.17, y=-5.00, z=149.75, cpos=[-42, 9], tl=0, v=true], can't add Creeper['Creeper'/90, uuid='14d4e4d6-4a55-4f80-acba-28e0db74877c', l='ServerLevel[world]', x=-649.81, y=-6.00, z=156.50, cpos=[-41, 9], tl=0, v=false]
[15:19:29] [Server thread/WARN]: [ca.spottedleaf.moonrise.patches.chunk_system.level.entity.EntityLookup] Entity uuid already exists: b4e8f32a-fe78-4a14-84fd-ed3e602e6a09, mapped to Creeper['Creeper'/89, uuid='b4e8f32a-fe78-4a14-84fd-ed3e602e6a09', l='ServerLevel[world]', x=-653.49, y=6.00, z=154.70, cpos=[-41, 9], tl=0, v=false], can't add Creeper['Creeper'/109, uuid='b4e8f32a-fe78-4a14-84fd-ed3e602e6a09', l='ServerLevel[world]', x=-657.21, y=8.00, z=160.48, cpos=[-42, 10], tl=0, v=false]
[15:19:29] [Server thread/WARN]: [ca.spottedleaf.moonrise.patches.chunk_system.level.entity.EntityLookup] Entity uuid already exists: e2b9c934-7a09-46ee-9871-bade769f6646, mapped to Bat['Bat'/92, uuid='e2b9c934-7a09-46ee-9871-bade769f6646', l='ServerLevel[world]', x=-655.25, y=-5.00, z=149.25, cpos=[-41, 9], tl=0, v=false], can't add Bat['Bat'/110, uuid='e2b9c934-7a09-46ee-9871-bade769f6646', l='ServerLevel[world]', x=-658.56, y=-11.28, z=162.70, cpos=[-42, 10], tl=0, v=false]
[15:19:30] [Server thread/INFO]: RedBotA joined the game
[15:19:30] [Server thread/INFO]: RedBotA[/127.0.0.1:60815] logged in with entity id 111 at ([world]-695.5, 71.0, 165.5)
[15:19:31] [Server thread/WARN]: [ca.spottedleaf.moonrise.patches.chunk_system.level.entity.EntityLookup] Entity uuid already exists: 06c93367-9c5c-4370-8487-3e58b77a2e56, mapped to Nautilus['Nautilus'/53, uuid='06c93367-9c5c-4370-8487-3e58b77a2e56', l='ServerLevel[world]', x=-677.91, y=48.67, z=122.55, cpos=[-43, 7], tl=0, v=true], can't add Nautilus['Nautilus'/145, uuid='06c93367-9c5c-4370-8487-3e58b77a2e56', l='ServerLevel[world]', x=-666.31, y=49.09, z=106.47, cpos=[-42, 6], tl=0, v=false]
[15:19:31] [User Authenticator #0/INFO]: UUID of player VictimBotB is b86dd1fb-8df2-3fb4-ad07-bf7eb9ef0702
[15:19:31] [Server thread/WARN]: [ca.spottedleaf.moonrise.patches.chunk_system.level.entity.EntityLookup] Entity uuid already exists: 3e875609-c9ef-479c-a0d8-5c4f06fbaef0, mapped to Zombie['Zombie'/142, uuid='3e875609-c9ef-479c-a0d8-5c4f06fbaef0', l='ServerLevel[world]', x=-752.50, y=47.00, z=206.20, cpos=[-48, 12], tl=0, v=true], can't add Zombie['Zombie'/155, uuid='3e875609-c9ef-479c-a0d8-5c4f06fbaef0', l='ServerLevel[world]', x=-753.50, y=47.00, z=208.20, cpos=[-48, 13], tl=0, v=false]
[15:19:31] [Server thread/INFO]: VictimBotB joined the game
[15:19:31] [Server thread/INFO]: VictimBotB[/127.0.0.1:60816] logged in with entity id 159 at ([world]-695.5, 71.0, 165.5)
[15:19:34] [Server thread/INFO]: RedBotA issued server command: /effect give VictimBotB minecraft:instant_health 1 20 true
[15:19:34] [Server thread/INFO]: [RedBotA: Applied effect Instant Health to VictimBotB]
[15:19:35] [Server thread/INFO]: RedBotA issued server command: /role set red
[15:19:35] [Server thread/INFO]: VictimBotB issued server command: /role set meiqihezi
[15:19:37] [Server thread/INFO]: RedBotA issued server command: /tp @s VictimBotB
[15:19:37] [Server thread/INFO]: [RedBotA: Teleported RedBotA to VictimBotB]
[15:19:42] [Server thread/INFO]: RedBotA issued server command: /damage VictimBotB 200
[15:19:42] [Server thread/INFO]: VictimBotB died
[15:19:42] [Server thread/INFO]: [RedBotA: Applied 200.0 damage to VictimBotB]
[15:19:51] [Server thread/INFO]: RedBotA lost connection: Disconnected
[15:19:51] [Server thread/INFO]: RedBotA left the game
[15:19:51] [Server thread/INFO]: VictimBotB lost connection: Disconnected
[15:19:51] [Server thread/INFO]: VictimBotB left the game
[15:20:18] [User Authenticator #0/INFO]: UUID of player RedBotA is 21bdc44e-d9c4-3962-9226-27c9c5085f15
[15:20:19] [Server thread/INFO]: RedBotA joined the game
[15:20:19] [Server thread/INFO]: RedBotA[/127.0.0.1:50383] logged in with entity id 388 at ([world]-695.5, 71.0, 165.5)
[15:20:20] [User Authenticator #0/INFO]: UUID of player VictimBotB is b86dd1fb-8df2-3fb4-ad07-bf7eb9ef0702
[15:20:20] [Server thread/INFO]: VictimBotB joined the game
[15:20:20] [Server thread/INFO]: VictimBotB[/127.0.0.1:50384] logged in with entity id 418 at ([world]-711.5, 76.0, 166.5)
[15:20:23] [Server thread/INFO]: RedBotA issued server command: /effect give VictimBotB minecraft:instant_health 1 20 true
[15:20:23] [Server thread/INFO]: [RedBotA: Applied effect Instant Health to VictimBotB]
[15:20:23] [Server thread/INFO]: RedBotA issued server command: /role set red
[15:20:23] [Server thread/INFO]: VictimBotB issued server command: /role set meiqihezi
[15:20:25] [Server thread/INFO]: RedBotA issued server command: /tp @s VictimBotB
[15:20:25] [Server thread/INFO]: [RedBotA: Teleported RedBotA to VictimBotB]
[15:20:30] [Server thread/INFO]: RedBotA issued server command: /damage VictimBotB 200
[15:20:30] [Server thread/INFO]: VictimBotB died
[15:20:30] [Server thread/INFO]: [RedBotA: Applied 200.0 damage to VictimBotB]
[15:20:35] [Server thread/INFO]: RedBotA lost connection: Disconnected
[15:20:35] [Server thread/INFO]: RedBotA left the game
[15:20:35] [Server thread/INFO]: VictimBotB lost connection: Disconnected
[15:20:35] [Server thread/INFO]: VictimBotB left the game
