[23:11:56] [ServerMain/INFO]: [bootstrap] Running Java 21 (Java HotSpot(TM) 64-Bit Server VM 21.0.8+12-LTS-250; Oracle Corporation null) on Windows 11 10.0 (amd64)
[23:11:56] [ServerMain/INFO]: [bootstrap] Loading Paper 1.21.11-132-ver/1.21.11@c5eb079 (2026-05-11T11:43:09Z) for Minecraft 1.21.11
[23:11:57] [ServerMain/WARN]: [oshi.util.platform.windows.WmiQueryHandler] COM exception querying Win32_Processor, which might not be on your system. Will not attempt to query it again. Error was -2147217405: (HRESULT: 80041003)
[23:11:57] [ServerMain/WARN]: [oshi.util.platform.windows.WmiQueryHandler] COM exception querying Win32_Processor, which might not be on your system. Will not attempt to query it again. Error was -2147217405: (HRESULT: 80041003)
[23:11:57] [ServerMain/WARN]: [oshi.util.platform.windows.WmiQueryHandler] COM exception querying Win32_PhysicalMemory, which might not be on your system. Will not attempt to query it again. Error was -2147217405: (HRESULT: 80041003)
[23:11:57] [ServerMain/INFO]: [PluginInitializerManager] Initializing plugins...
[23:11:58] [ServerMain/INFO]: [PluginInitializerManager] Initialized 1 plugin
[23:11:58] [ServerMain/INFO]: [PluginInitializerManager] Bukkit plugins (1):
 - ShadowHunterRolesPlugin (1.0.0)
[23:12:09] [ServerMain/INFO]: Environment: Environment[sessionHost=https://sessionserver.mojang.com, servicesHost=https://api.minecraftservices.com, profilesHost=https://api.mojang.com, name=PROD]
[23:12:13] [ServerMain/INFO]: Loaded 1470 recipes
[23:12:13] [ServerMain/INFO]: Loaded 1584 advancements
[23:12:13] [ServerMain/INFO]: [ca.spottedleaf.dataconverter.minecraft.datatypes.MCTypeRegistry] Initialising converters for DataConverter...
[23:12:14] [ServerMain/INFO]: [ca.spottedleaf.dataconverter.minecraft.datatypes.MCTypeRegistry] Finished initialising converters for DataConverter in 785.2ms
[23:12:14] [Server thread/INFO]: Starting minecraft server version 1.21.11
[23:12:14] [Server thread/INFO]: Loading properties
[23:12:15] [Server thread/INFO]: This server is running Paper version 1.21.11-132-ver/1.21.11@c5eb079 (2026-05-11T11:43:09Z) (Implementing API version 1.21.11-R0.1-SNAPSHOT)
[23:12:15] [Server thread/INFO]: [spark] This server bundles the spark profiler. For more information please visit https://docs.papermc.io/paper/profiling
[23:12:15] [Server thread/INFO]: Server Ping Player Sample Count: 12
[23:12:15] [Server thread/INFO]: Using 4 threads for Netty based IO
[23:12:16] [Server thread/INFO]: [MoonriseCommon] Paper is using 8 worker threads, 1 I/O threads
[23:12:17] [Server thread/INFO]: Default game type: CREATIVE
[23:12:17] [Server thread/INFO]: Generating keypair
[23:12:17] [Server thread/INFO]: Starting Minecraft server on *:25566
[23:12:17] [Server thread/INFO]: Paper: Using Java compression from Velocity.
[23:12:17] [Server thread/INFO]: Paper: Using Java cipher from Velocity.
[23:12:17] [Server thread/INFO]: [SpigotLibraryLoader] [ShadowHunterRolesPlugin] Loading 0 libraries... please wait
[23:12:17] [Server thread/INFO]: [ShadowHunterRolesPlugin] Loading server plugin ShadowHunterRolesPlugin v1.0.0
[23:12:17] [Server thread/INFO]: Server permissions file permissions.yml is empty, ignoring it
[23:12:17] [Server thread/WARN]: **** SERVER IS RUNNING IN OFFLINE/INSECURE MODE!
[23:12:17] [Server thread/WARN]: The server will make no attempt to authenticate usernames. Beware.
[23:12:17] [Server thread/WARN]: While this makes the game possible to play without internet access, it also opens up the ability for hackers to connect with any username they choose.
[23:12:17] [Server thread/WARN]: To change this, set "online-mode" to "true" in the server.properties file.
[23:12:17] [Server thread/INFO]: Preparing level "world"
[23:12:18] [Server thread/INFO]: Loading 0 persistent chunks for world 'minecraft:overworld'...
[23:12:18] [Server thread/INFO]: Preparing spawn area: 100%
[23:12:18] [Server thread/INFO]: Prepared spawn area in 15 ms
[23:12:18] [Server thread/INFO]: Loading 0 persistent chunks for world 'minecraft:the_nether'...
[23:12:18] [Server thread/INFO]: Prepared spawn area in 11 ms
[23:12:18] [Server thread/INFO]: Loading 0 persistent chunks for world 'minecraft:the_end'...
[23:12:18] [Server thread/INFO]: Prepared spawn area in 14 ms
[23:12:18] [Server thread/INFO]: Done preparing level "world" (1.003s)
[23:12:18] [Server thread/INFO]: [ShadowHunterRolesPlugin] Enabling ShadowHunterRolesPlugin v1.0.0
[23:12:18] [Server thread/INFO]: [ShadowHunterRolesPlugin] ShadowHunter Character System enabled.
[23:12:18] [Server thread/INFO]: [spark] Starting background profiler...
[23:12:18] [Server thread/INFO]: [spark] The async-profiler engine is not supported for your os/arch (windows11/amd64), so the built-in Java engine will be used instead.
[23:12:18] [Server thread/INFO]: Running delayed init tasks
[23:12:18] [Server thread/INFO]: Done (22.705s)! For help, type "help"
[23:12:23] [Paper Async Task Handler Thread - 1/WARN]: *************************************************************************************
[23:12:23] [Paper Async Task Handler Thread - 1/WARN]: You are running the latest build for your Minecraft version (1.21.11)
[23:12:23] [Paper Async Task Handler Thread - 1/WARN]: However, you are 4 release(s) behind the latest stable release (26.2)!
[23:12:23] [Paper Async Task Handler Thread - 1/WARN]: It is recommended that you update as soon as possible
[23:12:23] [Paper Async Task Handler Thread - 1/WARN]: https://papermc.io/downloads/paper
[23:12:23] [Paper Async Task Handler Thread - 1/WARN]: *************************************************************************************
[23:14:09] [User Authenticator #0/INFO]: UUID of player ObserverBot is 89d68ddf-6218-3a04-b43b-029e2e3ffaf9
[23:14:12] [Server thread/INFO]: ObserverBot joined the game
[23:14:12] [Server thread/INFO]: ObserverBot[/127.0.0.1:52321] logged in with entity id 119 at ([world]-698.5, 81.0, 156.5)
[23:14:14] [User Authenticator #0/INFO]: UUID of player QuitProbeBot is c12596f6-cb91-3627-b102-e44e1fa69327
[23:14:14] [Server thread/INFO]: QuitProbeBot joined the game
[23:14:14] [Server thread/INFO]: QuitProbeBot[/127.0.0.1:56464] logged in with entity id 165 at ([world]-712.5, 72.0, 170.5)
[23:14:17] [Server thread/INFO]: QuitProbeBot issued server command: /role set meiqihezi
[23:14:23] [Server thread/INFO]: QuitProbeBot issued server command: /role energy get
[23:14:23] [Server thread/INFO]: ObserverBot issued server command: /role energy get QuitProbeBot
[23:14:23] [Server thread/INFO]: QuitProbeBot lost connection: Disconnected
[23:14:23] [Server thread/INFO]: QuitProbeBot left the game
[23:14:27] [Server thread/INFO]: ObserverBot issued server command: /role energy get QuitProbeBot
[23:14:27] [User Authenticator #0/INFO]: UUID of player QuitProbeBot is c12596f6-cb91-3627-b102-e44e1fa69327
[23:14:27] [Server thread/INFO]: QuitProbeBot joined the game
[23:14:27] [Server thread/INFO]: QuitProbeBot[/127.0.0.1:56469] logged in with entity id 249 at ([world]-712.5, 72.0, 170.5)
[23:14:30] [Server thread/INFO]: QuitProbeBot issued server command: /role energy get
[23:14:30] [Server thread/INFO]: ObserverBot lost connection: Disconnected
[23:14:30] [Server thread/INFO]: ObserverBot left the game
[23:14:30] [Server thread/INFO]: QuitProbeBot lost connection: Disconnected
[23:14:30] [Server thread/INFO]: QuitProbeBot left the game
